Archive member included to satisfy reference by file (symbol)

/tmp/arduino-sketch-554CDDC3088C5FDC87378995C7D19384/../arduino-core-cache/core_Seeeduino_samd_zero_6b3061db018e95c38d6b5470ac251519.a(cortex_handlers.c.o)
                              (Reset_Handler)
/tmp/arduino-sketch-554CDDC3088C5FDC87378995C7D19384/../arduino-core-cache/core_Seeeduino_samd_zero_6b3061db018e95c38d6b5470ac251519.a(delay.c.o)
                              /tmp/arduino-sketch-554CDDC3088C5FDC87378995C7D19384/sketch/fan_controller_zero.ino.cpp.o (millis)
/tmp/arduino-sketch-554CDDC3088C5FDC87378995C7D19384/../arduino-core-cache/core_Seeeduino_samd_zero_6b3061db018e95c38d6b5470ac251519.a(hooks.c.o)
                              /tmp/arduino-sketch-554CDDC3088C5FDC87378995C7D19384/../arduino-core-cache/core_Seeeduino_samd_zero_6b3061db018e95c38d6b5470ac251519.a(delay.c.o) (yield)
/tmp/arduino-sketch-554CDDC3088C5FDC87378995C7D19384/../arduino-core-cache/core_Seeeduino_samd_zero_6b3061db018e95c38d6b5470ac251519.a(startup.c.o)
                              /tmp/arduino-sketch-554CDDC3088C5FDC87378995C7D19384/../arduino-core-cache/core_Seeeduino_samd_zero_6b3061db018e95c38d6b5470ac251519.a(cortex_handlers.c.o) (SystemInit)
/tmp/arduino-sketch-554CDDC3088C5FDC87378995C7D19384/../arduino-core-cache/core_Seeeduino_samd_zero_6b3061db018e95c38d6b5470ac251519.a(wiring.c.o)
                              /tmp/arduino-sketch-554CDDC3088C5FDC87378995C7D19384/../arduino-core-cache/core_Seeeduino_samd_zero_6b3061db018e95c38d6b5470ac251519.a(startup.c.o) (SystemCoreClock)
/tmp/arduino-sketch-554CDDC3088C5FDC87378995C7D19384/../arduino-core-cache/core_Seeeduino_samd_zero_6b3061db018e95c38d6b5470ac251519.a(wiring_analog.c.o)
                              /tmp/arduino-sketch-554CDDC3088C5FDC87378995C7D19384/../arduino-core-cache/core_Seeeduino_samd_zero_6b3061db018e95c38d6b5470ac251519.a(wiring.c.o) (analogReference)
/tmp/arduino-sketch-554CDDC3088C5FDC87378995C7D19384/../arduino-core-cache/core_Seeeduino_samd_zero_6b3061db018e95c38d6b5470ac251519.a(wiring_digital.c.o)
                              /tmp/arduino-sketch-554CDDC3088C5FDC87378995C7D19384/../arduino-core-cache/core_Seeeduino_samd_zero_6b3061db018e95c38d6b5470ac251519.a(wiring_analog.c.o) (pinMode)
/tmp/arduino-sketch-554CDDC3088C5FDC87378995C7D19384/../arduino-core-cache/core_Seeeduino_samd_zero_6b3061db018e95c38d6b5470ac251519.a(wiring_private.c.o)
                              /tmp/arduino-sketch-554CDDC3088C5FDC87378995C7D19384/../arduino-core-cache/core_Seeeduino_samd_zero_6b3061db018e95c38d6b5470ac251519.a(wiring_analog.c.o) (mapResolution)
/tmp/arduino-sketch-554CDDC3088C5FDC87378995C7D19384/../arduino-core-cache/core_Seeeduino_samd_zero_6b3061db018e95c38d6b5470ac251519.a(Reset.cpp.o)
                              /tmp/arduino-sketch-554CDDC3088C5FDC87378995C7D19384/../arduino-core-cache/core_Seeeduino_samd_zero_6b3061db018e95c38d6b5470ac251519.a(delay.c.o) (tickReset)
/tmp/arduino-sketch-554CDDC3088C5FDC87378995C7D19384/../arduino-core-cache/core_Seeeduino_samd_zero_6b3061db018e95c38d6b5470ac251519.a(Retarget.cpp.o)
                              (__wrap__write)
/tmp/arduino-sketch-554CDDC3088C5FDC87378995C7D19384/../arduino-core-cache/core_Seeeduino_samd_zero_6b3061db018e95c38d6b5470ac251519.a(SERCOM.cpp.o)
                              /tmp/arduino-sketch-554CDDC3088C5FDC87378995C7D19384/core/variant.cpp.o (SERCOM::SERCOM(Sercom*))
/tmp/arduino-sketch-554CDDC3088C5FDC87378995C7D19384/../arduino-core-cache/core_Seeeduino_samd_zero_6b3061db018e95c38d6b5470ac251519.a(CDC.cpp.o)
                              /tmp/arduino-sketch-554CDDC3088C5FDC87378995C7D19384/sketch/fan_controller_zero.ino.cpp.o (Serial_::write(unsigned char))
/tmp/arduino-sketch-554CDDC3088C5FDC87378995C7D19384/../arduino-core-cache/core_Seeeduino_samd_zero_6b3061db018e95c38d6b5470ac251519.a(USBCore.cpp.o)
                              /tmp/arduino-sketch-554CDDC3088C5FDC87378995C7D19384/../arduino-core-cache/core_Seeeduino_samd_zero_6b3061db018e95c38d6b5470ac251519.a(CDC.cpp.o) (USBDeviceClass::clear(unsigned long))
/tmp/arduino-sketch-554CDDC3088C5FDC87378995C7D19384/../arduino-core-cache/core_Seeeduino_samd_zero_6b3061db018e95c38d6b5470ac251519.a(Uart.cpp.o)
                              /tmp/arduino-sketch-554CDDC3088C5FDC87378995C7D19384/core/variant.cpp.o (Uart::Uart(SERCOM*, unsigned char, unsigned char, SercomRXPad, SercomUartTXPad))
/tmp/arduino-sketch-554CDDC3088C5FDC87378995C7D19384/../arduino-core-cache/core_Seeeduino_samd_zero_6b3061db018e95c38d6b5470ac251519.a(main.cpp.o)
                              /home/odyssey/.arduino15/packages/Seeeduino/tools/arm-none-eabi-gcc/7-2017q4/bin/../lib/gcc/arm-none-eabi/7.2.1/../../../../arm-none-eabi/lib/thumb/v6-m/crt0.o (main)
/tmp/arduino-sketch-554CDDC3088C5FDC87378995C7D19384/../arduino-core-cache/core_Seeeduino_samd_zero_6b3061db018e95c38d6b5470ac251519.a(new.cpp.o)
[...]
Memory Configuration

Name             Origin             Length             Attributes
FLASH            0x0000000000002000 0x000000000003e000 xr
RAM              0x0000000020000000 0x0000000000008000 xrw
*default*        0x0000000000000000 0xffffffffffffffff

Linker script and memory map

LOAD /home/odyssey/.arduino15/packages/Seeeduino/tools/arm-none-eabi-gcc/7-2017q4/bin/../lib/gcc/arm-none-eabi/7.2.1/thumb/v6-m/crti.o
LOAD /home/odyssey/.arduino15/packages/Seeeduino/tools/arm-none-eabi-gcc/7-2017q4/bin/../lib/gcc/arm-none-eabi/7.2.1/thumb/v6-m/crtbegin.o
LOAD /home/odyssey/.arduino15/packages/Seeeduino/tools/arm-none-eabi-gcc/7-2017q4/bin/../lib/gcc/arm-none-eabi/7.2.1/../../../../arm-none-eabi/lib/thumb/v6-m/crt0.o
LOAD /tmp/arduino-sketch-554CDDC3088C5FDC87378995C7D19384/sketch/fan_controller_zero.ino.cpp.o
LOAD /tmp/arduino-sketch-554CDDC3088C5FDC87378995C7D19384/core/variant.cpp.o
START GROUP
LOAD /home/odyssey/.arduino15/packages/Seeeduino/tools/CMSIS/5.4.0/CMSIS/Lib/GCC//libarm_cortexM0l_math.a
LOAD /tmp/arduino-sketch-554CDDC3088C5FDC87378995C7D19384/../arduino-core-cache/core_Seeeduino_samd_zero_6b3061db018e95c38d6b5470ac251519.a
END GROUP
LOAD /home/odyssey/.arduino15/packages/Seeeduino/tools/arm-none-eabi-gcc/7-2017q4/bin/../lib/gcc/arm-none-eabi/7.2.1/../../../../arm-none-eabi/lib/thumb/v6-m/libstdc++_nano.a
LOAD /home/odyssey/.arduino15/packages/Seeeduino/tools/arm-none-eabi-gcc/7-2017q4/bin/../lib/gcc/arm-none-eabi/7.2.1/../../../../arm-none-eabi/lib/thumb/v6-m/libm.a
START GROUP
LOAD /home/odyssey/.arduino15/packages/Seeeduino/tools/arm-none-eabi-gcc/7-2017q4/bin/../lib/gcc/arm-none-eabi/7.2.1/thumb/v6-m/libgcc.a
LOAD /home/odyssey/.arduino15/packages/Seeeduino/tools/arm-none-eabi-gcc/7-2017q4/bin/../lib/gcc/arm-none-eabi/7.2.1/../../../../arm-none-eabi/lib/thumb/v6-m/libc_nano.a
END GROUP
START GROUP
LOAD /home/odyssey/.arduino15/packages/Seeeduino/tools/arm-none-eabi-gcc/7-2017q4/bin/../lib/gcc/arm-none-eabi/7.2.1/thumb/v6-m/libgcc.a
LOAD /home/odyssey/.arduino15/packages/Seeeduino/tools/arm-none-eabi-gcc/7-2017q4/bin/../lib/gcc/arm-none-eabi/7.2.1/../../../../arm-none-eabi/lib/thumb/v6-m/libc_nano.a
LOAD /home/odyssey/.arduino15/packages/Seeeduino/tools/arm-none-eabi-gcc/7-2017q4/bin/../lib/gcc/arm-none-eabi/7.2.1/../../../../arm-none-eabi/lib/thumb/v6-m/libnosys.a
END GROUP
START GROUP
LOAD /home/odyssey/.arduino15/packages/Seeeduino/tools/arm-none-eabi-gcc/7-2017q4/bin/../lib/gcc/arm-none-eabi/7.2.1/thumb/v6-m/libgcc.a
LOAD /home/odyssey/.arduino15/packages/Seeeduino/tools/arm-none-eabi-gcc/7-2017q4/bin/../lib/gcc/arm-none-eabi/7.2.1/../../../../arm-none-eabi/lib/thumb/v6-m/libc_nano.a
LOAD /home/odyssey/.arduino15/packages/Seeeduino/tools/arm-none-eabi-gcc/7-2017q4/bin/../lib/gcc/arm-none-eabi/7.2.1/../../../../arm-none-eabi/lib/thumb/v6-m/libnosys.a
END GROUP
LOAD /home/odyssey/.arduino15/packages/Seeeduino/tools/arm-none-eabi-gcc/7-2017q4/bin/../lib/gcc/arm-none-eabi/7.2.1/thumb/v6-m/crtend.o
LOAD /home/odyssey/.arduino15/packages/Seeeduino/tools/arm-none-eabi-gcc/7-2017q4/bin/../lib/gcc/arm-none-eabi/7.2.1/thumb/v6-m/crtn.o

.text           0x0000000000002000     0x9784
 *(.isr_vector)
 .isr_vector    0x0000000000002000       0xb4 /tmp/arduino-sketch-554CDDC3088C5FDC87378995C7D19384/../arduino-core-cache/core_Seeeduino_samd_zero_6b3061db018e95c38d6b5470ac251519.a(cortex_handlers.c.o)
                0x0000000000002000                exception_table
 *(.text*)
 .text          0x00000000000020b4       0x48 /home/odyssey/.arduino15/packages/Seeeduino/tools/arm-none-eabi-gcc/7-2017q4/bin/../lib/gcc/arm-none-eabi/7.2.1/thumb/v6-m/crtbegin.o
 .text.setup    0x00000000000020fc       0xe4 /tmp/arduino-sketch-554CDDC3088C5FDC87378995C7D19384/sketch/fan_controller_zero.ino.cpp.o
                0x00000000000020fc                setup
 .text._Z17parse_temperaturePh
                0x00000000000021e0       0x16 /tmp/arduino-sketch-554CDDC3088C5FDC87378995C7D19384/sketch/fan_controller_zero.ino.cpp.o
                0x00000000000021e0                parse_temperature(unsigned char*)
 *fill*         0x00000000000021f6        0x2 
 .text._Z13set_fan_speedl
                0x00000000000021f8       0x8c /tmp/arduino-sketch-554CDDC3088C5FDC87378995C7D19384/sketch/fan_controller_zero.ino.cpp.o
                0x00000000000021f8                set_fan_speed(long)
 .text._Z10disconnectv
                0x0000000000002284       0x34 /tmp/arduino-sketch-554CDDC3088C5FDC87378995C7D19384/sketch/fan_controller_zero.ino.cpp.o
                0x0000000000002284                disconnect()
 .text._Z7connectv
                0x00000000000022b8       0x2c /tmp/arduino-sketch-554CDDC3088C5FDC87378995C7D19384/sketch/fan_controller_zero.ino.cpp.o
                0x00000000000022b8                connect()
 .text._Z10reject_msgv
                0x00000000000022e4       0x24 /tmp/arduino-sketch-554CDDC3088C5FDC87378995C7D19384/sketch/fan_controller_zero.ino.cpp.o
                0x00000000000022e4                reject_msg()
 .text.loop     0x0000000000002308      0x198 /tmp/arduino-sketch-554CDDC3088C5FDC87378995C7D19384/sketch/fan_controller_zero.ino.cpp.o
                0x0000000000002308                loop
 .text.SERCOM0_Handler
                0x00000000000024a0       0x10 /tmp/arduino-sketch-554CDDC3088C5FDC87378995C7D19384/core/variant.cpp.o
                0x00000000000024a0                SERCOM0_Handler
 .text.SERCOM5_Handler
                0x00000000000024b0       0x10 /tmp/arduino-sketch-554CDDC3088C5FDC87378995C7D19384/core/variant.cpp.o
                0x00000000000024b0                SERCOM5_Handler
 .text.SERCOM1_Handler
                0x00000000000024c0       0x10 /tmp/arduino-sketch-554CDDC3088C5FDC87378995C7D19384/core/variant.cpp.o
                0x00000000000024c0                SERCOM1_Handler
 .text.startup._GLOBAL__sub_I_g_APinDescription
                0x00000000000024d0       0xa8 /tmp/arduino-sketch-554CDDC3088C5FDC87378995C7D19384/core/variant.cpp.o
 .text.Dummy_Handler
                0x0000000000002578        0x2 /tmp/arduino-sketch-554CDDC3088C5FDC87378995C7D19384/../arduino-core-cache/core_Seeeduino_samd_zero_6b3061db018e95c38d6b5470ac251519.a(cortex_handlers.c.o)
                0x0000000000002578                DMAC_Handler
                0x0000000000002578                HardFault_Handler
                0x0000000000002578                AC_Handler
                0x0000000000002578                PendSV_Handler
                0x0000000000002578                NMI_Handler
                0x0000000000002578                TC7_Handler
                0x0000000000002578                ADC_Handler
                0x0000000000002578                TCC1_Handler
                0x0000000000002578                SERCOM2_Handler
                0x0000000000002578                TCC0_Handler
                0x0000000000002578                RTC_Handler
                0x0000000000002578                EIC_Handler
                0x0000000000002578                TC6_Handler
                0x0000000000002578                WDT_Handler
                0x0000000000002578                TC4_Handler
                0x0000000000002578                TC3_Handler
                0x0000000000002578                Dummy_Handler
                0x0000000000002578                PM_Handler
                0x0000000000002578                SVC_Handler
                0x0000000000002578                TCC2_Handler
                0x0000000000002578                EVSYS_Handler
                0x0000000000002578                SERCOM3_Handler
                0x0000000000002578                SERCOM4_Handler
                0x0000000000002578                I2S_Handler
                0x0000000000002578                NVMCTRL_Handler
                0x0000000000002578                DAC_Handler
                0x0000000000002578                PTC_Handler
                0x0000000000002578                SYSCTRL_Handler
 *fill*         0x000000000000257a        0x2 
 .text.USB_Handler
                0x000000000000257c       0x14 /tmp/arduino-sketch-554CDDC3088C5FDC87378995C7D19384/../arduino-core-cache/core_Seeeduino_samd_zero_6b3061db018e95c38d6b5470ac251519.a(cortex_handlers.c.o)
                0x000000000000257c                USB_Handler
 .text.Reset_Handler
                0x0000000000002590       0x54 /tmp/arduino-sketch-554CDDC3088C5FDC87378995C7D19384/../arduino-core-cache/core_Seeeduino_samd_zero_6b3061db018e95c38d6b5470ac251519.a(cortex_handlers.c.o)
                0x0000000000002590                Reset_Handler
 .text.SysTick_Handler
                0x00000000000025e4       0x10 /tmp/arduino-sketch-554CDDC3088C5FDC87378995C7D19384/../arduino-core-cache/core_Seeeduino_samd_zero_6b3061db018e95c38d6b5470ac251519.a(cortex_handlers.c.o)
                0x00000000000025e4                SysTick_Handler
 .text.USB_SetHandler
                0x00000000000025f4        0xc /tmp/arduino-sketch-554CDDC3088C5FDC87378995C7D19384/../arduino-core-cache/core_Seeeduino_samd_zero_6b3061db018e95c38d6b5470ac251519.a(cortex_handlers.c.o)
                0x00000000000025f4                USB_SetHandler
 .text.millis   0x0000000000002600        0xc /tmp/arduino-sketch-554CDDC3088C5FDC87378995C7D19384/../arduino-core-cache/core_Seeeduino_samd_zero_6b3061db018e95c38d6b5470ac251519.a(delay.c.o)
                0x0000000000002600                millis
 .text.micros   0x000000000000260c       0x60 /tmp/arduino-sketch-554CDDC3088C5FDC87378995C7D19384/../arduino-core-cache/core_Seeeduino_samd_zero_6b3061db018e95c38d6b5470ac251519.a(delay.c.o)
                0x000000000000260c                micros
 .text._real_delay
                0x000000000000266c       0x30 /tmp/arduino-sketch-554CDDC3088C5FDC87378995C7D19384/../arduino-core-cache/core_Seeeduino_samd_zero_6b3061db018e95c38d6b5470ac251519.a(delay.c.o)
                0x000000000000266c                delay
                0x000000000000266c                _real_delay
 .text.SysTick_DefaultHandler
                0x000000000000269c       0x14 /tmp/arduino-sketch-554CDDC3088C5FDC87378995C7D19384/../arduino-core-cache/core_Seeeduino_samd_zero_6b3061db018e95c38d6b5470ac251519.a(delay.c.o)
                0x000000000000269c                SysTick_DefaultHandler
 .text.__empty  0x00000000000026b0        0x2 /tmp/arduino-sketch-554CDDC3088C5FDC87378995C7D19384/../arduino-core-cache/core_Seeeduino_samd_zero_6b3061db018e95c38d6b5470ac251519.a(hooks.c.o)
                0x00000000000026b0                yield
 .text.__false  0x00000000000026b2        0x4 /tmp/arduino-sketch-554CDDC3088C5FDC87378995C7D19384/../arduino-core-cache/core_Seeeduino_samd_zero_6b3061db018e95c38d6b5470ac251519.a(hooks.c.o)
                0x00000000000026b2                sysTickHook
 *fill*         0x00000000000026b6        0x2 
 .text.SystemInit
                0x00000000000026b8      0x160 /tmp/arduino-sketch-554CDDC3088C5FDC87378995C7D19384/../arduino-core-cache/core_Seeeduino_samd_zero_6b3061db018e95c38d6b5470ac251519.a(startup.c.o)
                0x00000000000026b8                SystemInit
 .text.init     0x0000000000002818       0xe0 /tmp/arduino-sketch-554CDDC3088C5FDC87378995C7D19384/../arduino-core-cache/core_Seeeduino_samd_zero_6b3061db018e95c38d6b5470ac251519.a(wiring.c.o)
                0x0000000000002818                init
 .text.analogReference
                0x00000000000028f8       0x88 /tmp/arduino-sketch-554CDDC3088C5FDC87378995C7D19384/../arduino-core-cache/core_Seeeduino_samd_zero_6b3061db018e95c38d6b5470ac251519.a(wiring_analog.c.o)
                0x00000000000028f8                analogReference
 .text.pinMode  0x0000000000002980       0x60 /tmp/arduino-sketch-554CDDC3088C5FDC87378995C7D19384/../arduino-core-cache/core_Seeeduino_samd_zero_6b3061db018e95c38d6b5470ac251519.a(wiring_digital.c.o)
                0x0000000000002980                pinMode
 .text.digitalWrite
                0x00000000000029e0       0x58 /tmp/arduino-sketch-554CDDC3088C5FDC87378995C7D19384/../arduino-core-cache/core_Seeeduino_samd_zero_6b3061db018e95c38d6b5470ac251519.a(wiring_digital.c.o)
                0x00000000000029e0                digitalWrite
 .text.pinPeripheral
                0x0000000000002a38       0xc4 /tmp/arduino-sketch-554CDDC3088C5FDC87378995C7D19384/../arduino-core-cache/core_Seeeduino_samd_zero_6b3061db018e95c38d6b5470ac251519.a(wiring_private.c.o)
                0x0000000000002a38                pinPeripheral
 .text.initiateReset
                0x0000000000002afc        0xc /tmp/arduino-sketch-554CDDC3088C5FDC87378995C7D19384/../arduino-core-cache/core_Seeeduino_samd_zero_6b3061db018e95c38d6b5470ac251519.a(Reset.cpp.o)
                0x0000000000002afc                initiateReset
 .text.cancelReset
                0x0000000000002b08       0x10 /tmp/arduino-sketch-554CDDC3088C5FDC87378995C7D19384/../arduino-core-cache/core_Seeeduino_samd_zero_6b3061db018e95c38d6b5470ac251519.a(Reset.cpp.o)
                0x0000000000002b08                cancelReset
 .text.tickReset
                0x0000000000002b18       0x64 /tmp/arduino-sketch-554CDDC3088C5FDC87378995C7D19384/../arduino-core-cache/core_Seeeduino_samd_zero_6b3061db018e95c38d6b5470ac251519.a(Reset.cpp.o)
                0x0000000000002b18                tickReset
 .text.__wrap__write
                0x0000000000002b7c        0x4 /tmp/arduino-sketch-554CDDC3088C5FDC87378995C7D19384/../arduino-core-cache/core_Seeeduino_samd_zero_6b3061db018e95c38d6b5470ac251519.a(Retarget.cpp.o)
                0x0000000000002b7c                __wrap__write
 .text._ZN6SERCOMC2EP6Sercom
                0x0000000000002b80        0x4 /tmp/arduino-sketch-554CDDC3088C5FDC87378995C7D19384/../arduino-core-cache/core_Seeeduino_samd_zero_6b3061db018e95c38d6b5470ac251519.a(SERCOM.cpp.o)
                0x0000000000002b80                SERCOM::SERCOM(Sercom*)
                0x0000000000002b80                SERCOM::SERCOM(Sercom*)
 .text._ZN6SERCOM9initFrameE18SercomUartCharSize15SercomDataOrder16SercomParityMode19SercomNumberStopBit
                0x0000000000002b84       0x3a /tmp/arduino-sketch-554CDDC3088C5FDC87378995C7D19384/../arduino-core-cache/core_Seeeduino_samd_zero_6b3061db018e95c38d6b5470ac251519.a(SERCOM.cpp.o)
                0x0000000000002b84                SERCOM::initFrame(SercomUartCharSize, SercomDataOrder, SercomParityMode, SercomNumberStopBit)
 .text._ZN6SERCOM8initPadsE15SercomUartTXPad11SercomRXPad
                0x0000000000002bbe       0x26 /tmp/arduino-sketch-554CDDC3088C5FDC87378995C7D19384/../arduino-core-cache/core_Seeeduino_samd_zero_6b3061db018e95c38d6b5470ac251519.a(SERCOM.cpp.o)
                0x0000000000002bbe                SERCOM::initPads(SercomUartTXPad, SercomRXPad)
 .text._ZN6SERCOM9resetUARTEv
                0x0000000000002be4       0x1a /tmp/arduino-sketch-554CDDC3088C5FDC87378995C7D19384/../arduino-core-cache/core_Seeeduino_samd_zero_6b3061db018e95c38d6b5470ac251519.a(SERCOM.cpp.o)
                0x0000000000002be4                SERCOM::resetUART()
 .text._ZN6SERCOM10enableUARTEv
                0x0000000000002bfe       0x14 /tmp/arduino-sketch-554CDDC3088C5FDC87378995C7D19384/../arduino-core-cache/core_Seeeduino_samd_zero_6b3061db018e95c38d6b5470ac251519.a(SERCOM.cpp.o)
                0x0000000000002bfe                SERCOM::enableUART()
 .text._ZN6SERCOM9flushUARTEv
                0x0000000000002c12       0x10 /tmp/arduino-sketch-554CDDC3088C5FDC87378995C7D19384/../arduino-core-cache/core_Seeeduino_samd_zero_6b3061db018e95c38d6b5470ac251519.a(SERCOM.cpp.o)
                0x0000000000002c12                SERCOM::flushUART()
 .text._ZN6SERCOM15clearStatusUARTEv
                0x0000000000002c22        0x8 /tmp/arduino-sketch-554CDDC3088C5FDC87378995C7D19384/../arduino-core-cache/core_Seeeduino_samd_zero_6b3061db018e95c38d6b5470ac251519.a(SERCOM.cpp.o)
                0x0000000000002c22                SERCOM::clearStatusUART()
 .text._ZN6SERCOM17availableDataUARTEv
                0x0000000000002c2a        0xa /tmp/arduino-sketch-554CDDC3088C5FDC87378995C7D19384/../arduino-core-cache/core_Seeeduino_samd_zero_6b3061db018e95c38d6b5470ac251519.a(SERCOM.cpp.o)
                0x0000000000002c2a                SERCOM::availableDataUART()
 .text._ZN6SERCOM11isUARTErrorEv
                0x0000000000002c34        0x8 /tmp/arduino-sketch-554CDDC3088C5FDC87378995C7D19384/../arduino-core-cache/core_Seeeduino_samd_zero_6b3061db018e95c38d6b5470ac251519.a(SERCOM.cpp.o)
                0x0000000000002c34                SERCOM::isUARTError()
 .text._ZN6SERCOM20acknowledgeUARTErrorEv
                0x0000000000002c3c        0xe /tmp/arduino-sketch-554CDDC3088C5FDC87378995C7D19384/../arduino-core-cache/core_Seeeduino_samd_zero_6b3061db018e95c38d6b5470ac251519.a(SERCOM.cpp.o)
                0x0000000000002c3c                SERCOM::acknowledgeUARTError()
 .text._ZN6SERCOM16isFrameErrorUARTEv
                0x0000000000002c4a        0xa /tmp/arduino-sketch-554CDDC3088C5FDC87378995C7D19384/../arduino-core-cache/core_Seeeduino_samd_zero_6b3061db018e95c38d6b5470ac251519.a(SERCOM.cpp.o)
                0x0000000000002c4a                SERCOM::isFrameErrorUART()
 .text._ZN6SERCOM19clearFrameErrorUARTEv
                0x0000000000002c54        0xc /tmp/arduino-sketch-554CDDC3088C5FDC87378995C7D19384/../arduino-core-cache/core_Seeeduino_samd_zero_6b3061db018e95c38d6b5470ac251519.a(SERCOM.cpp.o)
                0x0000000000002c54                SERCOM::clearFrameErrorUART()
 .text._ZN6SERCOM23isDataRegisterEmptyUARTEv
                0x0000000000002c60        0xa /tmp/arduino-sketch-554CDDC3088C5FDC87378995C7D19384/../arduino-core-cache/core_Seeeduino_samd_zero_6b3061db018e95c38d6b5470ac251519.a(SERCOM.cpp.o)
                0x0000000000002c60                SERCOM::isDataRegisterEmptyUART()
 .text._ZN6SERCOM12readDataUARTEv
                0x0000000000002c6a        0x8 /tmp/arduino-sketch-554CDDC3088C5FDC87378995C7D19384/../arduino-core-cache/core_Seeeduino_samd_zero_6b3061db018e95c38d6b5470ac251519.a(SERCOM.cpp.o)
                0x0000000000002c6a                SERCOM::readDataUART()
 .text._ZN6SERCOM13writeDataUARTEh
                0x0000000000002c72       0x10 /tmp/arduino-sketch-554CDDC3088C5FDC87378995C7D19384/../arduino-core-cache/core_Seeeduino_samd_zero_6b3061db018e95c38d6b5470ac251519.a(SERCOM.cpp.o)
                0x0000000000002c72                SERCOM::writeDataUART(unsigned char)
 .text._ZN6SERCOM36enableDataRegisterEmptyInterruptUARTEv
                0x0000000000002c82        0x8 /tmp/arduino-sketch-554CDDC3088C5FDC87378995C7D19384/../arduino-core-cache/core_Seeeduino_samd_zero_6b3061db018e95c38d6b5470ac251519.a(SERCOM.cpp.o)
                0x0000000000002c82                SERCOM::enableDataRegisterEmptyInterruptUART()
 .text._ZN6SERCOM37disableDataRegisterEmptyInterruptUARTEv
                0x0000000000002c8a        0x8 /tmp/arduino-sketch-554CDDC3088C5FDC87378995C7D19384/../arduino-core-cache/core_Seeeduino_samd_zero_6b3061db018e95c38d6b5470ac251519.a(SERCOM.cpp.o)
                0x0000000000002c8a                SERCOM::disableDataRegisterEmptyInterruptUART()
 *fill*         0x0000000000002c92        0x2 
 .text._ZN6SERCOM14getSercomIndexEv
                0x0000000000002c94       0x5c /tmp/arduino-sketch-554CDDC3088C5FDC87378995C7D19384/../arduino-core-cache/core_Seeeduino_samd_zero_6b3061db018e95c38d6b5470ac251519.a(SERCOM.cpp.o)
                0x0000000000002c94                SERCOM::getSercomIndex()
 .text._ZN6SERCOM13initClockNVICEv
                0x0000000000002cf0       0x90 /tmp/arduino-sketch-554CDDC3088C5FDC87378995C7D19384/../arduino-core-cache/core_Seeeduino_samd_zero_6b3061db018e95c38d6b5470ac251519.a(SERCOM.cpp.o)
                0x0000000000002cf0                SERCOM::initClockNVIC()
 .text._ZN6SERCOM8initUARTE14SercomUartMode20SercomUartSampleRatem
                0x0000000000002d80       0x6c /tmp/arduino-sketch-554CDDC3088C5FDC87378995C7D19384/../arduino-core-cache/core_Seeeduino_samd_zero_6b3061db018e95c38d6b5470ac251519.a(SERCOM.cpp.o)
                0x0000000000002d80                SERCOM::initUART(SercomUartMode, SercomUartSampleRate, unsigned long)
 .text._ZN7Serial_17availableForWriteEv
                0x0000000000002dec        0x4 /tmp/arduino-sketch-554CDDC3088C5FDC87378995C7D19384/../arduino-core-cache/core_Seeeduino_samd_zero_6b3061db018e95c38d6b5470ac251519.a(CDC.cpp.o)
                0x0000000000002dec                Serial_::availableForWrite()
 .text._ZN7Serial_5writeEh
                0x0000000000002df0       0x14 /tmp/arduino-sketch-554CDDC3088C5FDC87378995C7D19384/../arduino-core-cache/core_Seeeduino_samd_zero_6b3061db018e95c38d6b5470ac251519.a(CDC.cpp.o)
                0x0000000000002df0                Serial_::write(unsigned char)
 .text._ZN7Serial_9availableEv
                0x0000000000002e04       0x1c /tmp/arduino-sketch-554CDDC3088C5FDC87378995C7D19384/../arduino-core-cache/core_Seeeduino_samd_zero_6b3061db018e95c38d6b5470ac251519.a(CDC.cpp.o)
                0x0000000000002e04                Serial_::available()
 .text._ZN7Serial_5flushEv
                0x0000000000002e20        0xc /tmp/arduino-sketch-554CDDC3088C5FDC87378995C7D19384/../arduino-core-cache/core_Seeeduino_samd_zero_6b3061db018e95c38d6b5470ac251519.a(CDC.cpp.o)
                0x0000000000002e20                Serial_::flush()
 .text._ZN7Serial_5clearEv
                0x0000000000002e2c        0xc /tmp/arduino-sketch-554CDDC3088C5FDC87378995C7D19384/../arduino-core-cache/core_Seeeduino_samd_zero_6b3061db018e95c38d6b5470ac251519.a(CDC.cpp.o)
                0x0000000000002e2c                Serial_::clear()
 .text._ZN7Serial_4peekEv
                0x0000000000002e38       0x1c /tmp/arduino-sketch-554CDDC3088C5FDC87378995C7D19384/../arduino-core-cache/core_Seeeduino_samd_zero_6b3061db018e95c38d6b5470ac251519.a(CDC.cpp.o)
                0x0000000000002e38                Serial_::peek()
 .text._ZN7Serial_4readEv
                0x0000000000002e54       0x24 /tmp/arduino-sketch-554CDDC3088C5FDC87378995C7D19384/../arduino-core-cache/core_Seeeduino_samd_zero_6b3061db018e95c38d6b5470ac251519.a(CDC.cpp.o)
                0x0000000000002e54                Serial_::read()
 .text._ZN7Serial_5writeEPKhj
                0x0000000000002e78       0x30 /tmp/arduino-sketch-554CDDC3088C5FDC87378995C7D19384/../arduino-core-cache/core_Seeeduino_samd_zero_6b3061db018e95c38d6b5470ac251519.a(CDC.cpp.o)
                0x0000000000002e78                Serial_::write(unsigned char const*, unsigned int)
 .text._Z16CDC_GetInterfacePh
                0x0000000000002ea8       0x1c /tmp/arduino-sketch-554CDDC3088C5FDC87378995C7D19384/../arduino-core-cache/core_Seeeduino_samd_zero_6b3061db018e95c38d6b5470ac251519.a(CDC.cpp.o)
                0x0000000000002ea8                CDC_GetInterface(unsigned char*)
 .text._Z9CDC_SetupR8USBSetup
                0x0000000000002ec4       0x7c /tmp/arduino-sketch-554CDDC3088C5FDC87378995C7D19384/../arduino-core-cache/core_Seeeduino_samd_zero_6b3061db018e95c38d6b5470ac251519.a(CDC.cpp.o)
                0x0000000000002ec4                CDC_Setup(USBSetup&)
 .text._ZN7Serial_5beginEm
                0x0000000000002f40        0x6 /tmp/arduino-sketch-554CDDC3088C5FDC87378995C7D19384/../arduino-core-cache/core_Seeeduino_samd_zero_6b3061db018e95c38d6b5470ac251519.a(CDC.cpp.o)
                0x0000000000002f40                Serial_::begin(unsigned long)
 *fill*         0x0000000000002f46        0x2 
 .text.startup._GLOBAL__sub_I__Z17_CDC_GetInterfacev
                0x0000000000002f48       0x28 /tmp/arduino-sketch-554CDDC3088C5FDC87378995C7D19384/../arduino-core-cache/core_Seeeduino_samd_zero_6b3061db018e95c38d6b5470ac251519.a(CDC.cpp.o)
 .text._ZN26DoubleBufferedEPOutHandlerD2Ev
                0x0000000000002f70        0x2 /tmp/arduino-sketch-554CDDC3088C5FDC87378995C7D19384/../arduino-core-cache/core_Seeeduino_samd_zero_6b3061db018e95c38d6b5470ac251519.a(USBCore.cpp.o)
                0x0000000000002f70                DoubleBufferedEPOutHandler::~DoubleBufferedEPOutHandler()
                0x0000000000002f70                DoubleBufferedEPOutHandler::~DoubleBufferedEPOutHandler()
 .text._ZN26DoubleBufferedEPOutHandler4initEv
                0x0000000000002f72        0x2 /tmp/arduino-sketch-554CDDC3088C5FDC87378995C7D19384/../arduino-core-cache/core_Seeeduino_samd_zero_6b3061db018e95c38d6b5470ac251519.a(USBCore.cpp.o)
                0x0000000000002f72                DoubleBufferedEPOutHandler::init()
 .text._ZL5utox8mPc
                0x0000000000002f74       0x24 /tmp/arduino-sketch-554CDDC3088C5FDC87378995C7D19384/../arduino-core-cache/core_Seeeduino_samd_zero_6b3061db018e95c38d6b5470ac251519.a(USBCore.cpp.o)
 .text._ZN26DoubleBufferedEPOutHandlerD0Ev
                0x0000000000002f98       0x10 /tmp/arduino-sketch-554CDDC3088C5FDC87378995C7D19384/../arduino-core-cache/core_Seeeduino_samd_zero_6b3061db018e95c38d6b5470ac251519.a(USBCore.cpp.o)
                0x0000000000002f98                DoubleBufferedEPOutHandler::~DoubleBufferedEPOutHandler()
 .text._ZN14USBDeviceClass6initEPEmm.part.8
                0x0000000000002fa8       0xe0 /tmp/arduino-sketch-554CDDC3088C5FDC87378995C7D19384/../arduino-core-cache/core_Seeeduino_samd_zero_6b3061db018e95c38d6b5470ac251519.a(USBCore.cpp.o)
 .text._ZN7__GuardC2Ev
                0x0000000000003088        0xe /tmp/arduino-sketch-554CDDC3088C5FDC87378995C7D19384/../arduino-core-cache/core_Seeeduino_samd_zero_6b3061db018e95c38d6b5470ac251519.a(USBCore.cpp.o)
                0x0000000000003088                __Guard::__Guard()
                0x0000000000003088                __Guard::__Guard()
 .text._ZN7__GuardD2Ev
                0x0000000000003096        0xe /tmp/arduino-sketch-554CDDC3088C5FDC87378995C7D19384/../arduino-core-cache/core_Seeeduino_samd_zero_6b3061db018e95c38d6b5470ac251519.a(USBCore.cpp.o)
                0x0000000000003096                __Guard::~__Guard()
                0x0000000000003096                __Guard::~__Guard()
 .text._ZNK26DoubleBufferedEPOutHandler10_availableEv
                0x00000000000030a4       0x6a /tmp/arduino-sketch-554CDDC3088C5FDC87378995C7D19384/../arduino-core-cache/core_Seeeduino_samd_zero_6b3061db018e95c38d6b5470ac251519.a(USBCore.cpp.o)
                0x00000000000030a4                DoubleBufferedEPOutHandler::_available() const
 *fill*         0x000000000000310e        0x2 
 .text._ZN26DoubleBufferedEPOutHandler7releaseEv
                0x0000000000003110       0x3c /tmp/arduino-sketch-554CDDC3088C5FDC87378995C7D19384/../arduino-core-cache/core_Seeeduino_samd_zero_6b3061db018e95c38d6b5470ac251519.a(USBCore.cpp.o)
                0x0000000000003110                DoubleBufferedEPOutHandler::release()
 .text._ZN26DoubleBufferedEPOutHandler14handleEndpointEv
                0x000000000000314c       0xdc /tmp/arduino-sketch-554CDDC3088C5FDC87378995C7D19384/../arduino-core-cache/core_Seeeduino_samd_zero_6b3061db018e95c38d6b5470ac251519.a(USBCore.cpp.o)
                0x000000000000314c                DoubleBufferedEPOutHandler::handleEndpoint()
 .text._ZN26DoubleBufferedEPOutHandler5_recvEv
                0x0000000000003228      0x184 /tmp/arduino-sketch-554CDDC3088C5FDC87378995C7D19384/../arduino-core-cache/core_Seeeduino_samd_zero_6b3061db018e95c38d6b5470ac251519.a(USBCore.cpp.o)
                0x0000000000003228                DoubleBufferedEPOutHandler::_recv()
 .text._ZN26DoubleBufferedEPOutHandler4peekEv
                0x00000000000033ac       0x22 /tmp/arduino-sketch-554CDDC3088C5FDC87378995C7D19384/../arduino-core-cache/core_Seeeduino_samd_zero_6b3061db018e95c38d6b5470ac251519.a(USBCore.cpp.o)
                0x00000000000033ac                DoubleBufferedEPOutHandler::peek()
 .text._ZN26DoubleBufferedEPOutHandler9availableEv
                0x00000000000033ce       0x18 /tmp/arduino-sketch-554CDDC3088C5FDC87378995C7D19384/../arduino-core-cache/core_Seeeduino_samd_zero_6b3061db018e95c38d6b5470ac251519.a(USBCore.cpp.o)
                0x00000000000033ce                DoubleBufferedEPOutHandler::available()
 .text._ZN26DoubleBufferedEPOutHandler4recvEPvm
                0x00000000000033e6       0x72 /tmp/arduino-sketch-554CDDC3088C5FDC87378995C7D19384/../arduino-core-cache/core_Seeeduino_samd_zero_6b3061db018e95c38d6b5470ac251519.a(USBCore.cpp.o)
                0x00000000000033e6                DoubleBufferedEPOutHandler::recv(void*, unsigned long)
 .text._ZN14USBDeviceClass14SendInterfacesEPm
                0x0000000000003458       0x2c /tmp/arduino-sketch-554CDDC3088C5FDC87378995C7D19384/../arduino-core-cache/core_Seeeduino_samd_zero_6b3061db018e95c38d6b5470ac251519.a(USBCore.cpp.o)
                0x0000000000003458                USBDeviceClass::SendInterfaces(unsigned long*)
 .text._ZN14USBDeviceClass14handleEndpointEh
                0x0000000000003484       0x48 /tmp/arduino-sketch-554CDDC3088C5FDC87378995C7D19384/../arduino-core-cache/core_Seeeduino_samd_zero_6b3061db018e95c38d6b5470ac251519.a(USBCore.cpp.o)
                0x0000000000003484                USBDeviceClass::handleEndpoint(unsigned char)
 .text._ZN14USBDeviceClass4initEv
                0x00000000000034cc      0x10c /tmp/arduino-sketch-554CDDC3088C5FDC87378995C7D19384/../arduino-core-cache/core_Seeeduino_samd_zero_6b3061db018e95c38d6b5470ac251519.a(USBCore.cpp.o)
                0x00000000000034cc                USBDeviceClass::init()
 .text._ZN14USBDeviceClass6attachEv
                0x00000000000035d8       0x34 /tmp/arduino-sketch-554CDDC3088C5FDC87378995C7D19384/../arduino-core-cache/core_Seeeduino_samd_zero_6b3061db018e95c38d6b5470ac251519.a(USBCore.cpp.o)
                0x00000000000035d8                USBDeviceClass::attach()
 .text._ZN14USBDeviceClass10setAddressEm
                0x000000000000360c       0x48 /tmp/arduino-sketch-554CDDC3088C5FDC87378995C7D19384/../arduino-core-cache/core_Seeeduino_samd_zero_6b3061db018e95c38d6b5470ac251519.a(USBCore.cpp.o)
                0x000000000000360c                USBDeviceClass::setAddress(unsigned long)
 .text._ZN14USBDeviceClass25handleClassInterfaceSetupER8USBSetup
                0x0000000000003654       0x44 /tmp/arduino-sketch-554CDDC3088C5FDC87378995C7D19384/../arduino-core-cache/core_Seeeduino_samd_zero_6b3061db018e95c38d6b5470ac251519.a(USBCore.cpp.o)
                0x0000000000003654                USBDeviceClass::handleClassInterfaceSetup(USBSetup&)
 .text._ZN14USBDeviceClass6initEPEmm
                0x0000000000003698      0x12c /tmp/arduino-sketch-554CDDC3088C5FDC87378995C7D19384/../arduino-core-cache/core_Seeeduino_samd_zero_6b3061db018e95c38d6b5470ac251519.a(USBCore.cpp.o)
                0x0000000000003698                USBDeviceClass::initEP(unsigned long, unsigned long)
 .text._ZN14USBDeviceClass13initEndpointsEv
                0x00000000000037c4       0x24 /tmp/arduino-sketch-554CDDC3088C5FDC87378995C7D19384/../arduino-core-cache/core_Seeeduino_samd_zero_6b3061db018e95c38d6b5470ac251519.a(USBCore.cpp.o)
                0x00000000000037c4                USBDeviceClass::initEndpoints()
 .text._ZN14USBDeviceClass5clearEm
                0x00000000000037e8       0x38 /tmp/arduino-sketch-554CDDC3088C5FDC87378995C7D19384/../arduino-core-cache/core_Seeeduino_samd_zero_6b3061db018e95c38d6b5470ac251519.a(USBCore.cpp.o)
                0x00000000000037e8                USBDeviceClass::clear(unsigned long)
 .text._ZN14USBDeviceClass9availableEm
                0x0000000000003820       0x2c /tmp/arduino-sketch-554CDDC3088C5FDC87378995C7D19384/../arduino-core-cache/core_Seeeduino_samd_zero_6b3061db018e95c38d6b5470ac251519.a(USBCore.cpp.o)
                0x0000000000003820                USBDeviceClass::available(unsigned long)
 .text._ZN14USBDeviceClass5flushEm
                0x000000000000384c       0x2c /tmp/arduino-sketch-554CDDC3088C5FDC87378995C7D19384/../arduino-core-cache/core_Seeeduino_samd_zero_6b3061db018e95c38d6b5470ac251519.a(USBCore.cpp.o)
                0x000000000000384c                USBDeviceClass::flush(unsigned long)
 .text._ZN14USBDeviceClass14armRecvCtrlOUTEm
                0x0000000000003878       0x5c /tmp/arduino-sketch-554CDDC3088C5FDC87378995C7D19384/../arduino-core-cache/core_Seeeduino_samd_zero_6b3061db018e95c38d6b5470ac251519.a(USBCore.cpp.o)
                0x0000000000003878                USBDeviceClass::armRecvCtrlOUT(unsigned long)
 .text._ZN14USBDeviceClass11recvControlEPvm
                0x00000000000038d4       0x3c /tmp/arduino-sketch-554CDDC3088C5FDC87378995C7D19384/../arduino-core-cache/core_Seeeduino_samd_zero_6b3061db018e95c38d6b5470ac251519.a(USBCore.cpp.o)
                0x00000000000038d4                USBDeviceClass::recvControl(void*, unsigned long)
 .text._ZN14USBDeviceClass7armRecvEm
                0x0000000000003910       0x38 /tmp/arduino-sketch-554CDDC3088C5FDC87378995C7D19384/../arduino-core-cache/core_Seeeduino_samd_zero_6b3061db018e95c38d6b5470ac251519.a(USBCore.cpp.o)
                0x0000000000003910                USBDeviceClass::armRecv(unsigned long)
 .text._ZN14USBDeviceClass4recvEmPvm
                0x0000000000003948       0xd8 /tmp/arduino-sketch-554CDDC3088C5FDC87378995C7D19384/../arduino-core-cache/core_Seeeduino_samd_zero_6b3061db018e95c38d6b5470ac251519.a(USBCore.cpp.o)
                0x0000000000003948                USBDeviceClass::recv(unsigned long, void*, unsigned long)
 .text._ZN14USBDeviceClass4recvEm
                0x0000000000003a20       0x1c /tmp/arduino-sketch-554CDDC3088C5FDC87378995C7D19384/../arduino-core-cache/core_Seeeduino_samd_zero_6b3061db018e95c38d6b5470ac251519.a(USBCore.cpp.o)
                0x0000000000003a20                USBDeviceClass::recv(unsigned long)
 .text._ZN14USBDeviceClass4sendEmPKvm
                0x0000000000003a3c      0x110 /tmp/arduino-sketch-554CDDC3088C5FDC87378995C7D19384/../arduino-core-cache/core_Seeeduino_samd_zero_6b3061db018e95c38d6b5470ac251519.a(USBCore.cpp.o)
                0x0000000000003a3c                USBDeviceClass::send(unsigned long, void const*, unsigned long)
 .text._ZN14USBDeviceClass7armSendEmPKvm
                0x0000000000003b4c       0x48 /tmp/arduino-sketch-554CDDC3088C5FDC87378995C7D19384/../arduino-core-cache/core_Seeeduino_samd_zero_6b3061db018e95c38d6b5470ac251519.a(USBCore.cpp.o)
                0x0000000000003b4c                USBDeviceClass::armSend(unsigned long, void const*, unsigned long)
 .text._ZN14USBDeviceClass11sendControlEPKvm
                0x0000000000003b94       0x54 /tmp/arduino-sketch-554CDDC3088C5FDC87378995C7D19384/../arduino-core-cache/core_Seeeduino_samd_zero_6b3061db018e95c38d6b5470ac251519.a(USBCore.cpp.o)
                0x0000000000003b94                USBDeviceClass::sendControl(void const*, unsigned long)
 .text._ZN14USBDeviceClass20sendStringDescriptorEPKhh
                0x0000000000003be8       0x68 /tmp/arduino-sketch-554CDDC3088C5FDC87378995C7D19384/../arduino-core-cache/core_Seeeduino_samd_zero_6b3061db018e95c38d6b5470ac251519.a(USBCore.cpp.o)
                0x0000000000003be8                USBDeviceClass::sendStringDescriptor(unsigned char const*, unsigned char)
 .text._ZN14USBDeviceClass17sendConfigurationEm
                0x0000000000003c50       0x80 /tmp/arduino-sketch-554CDDC3088C5FDC87378995C7D19384/../arduino-core-cache/core_Seeeduino_samd_zero_6b3061db018e95c38d6b5470ac251519.a(USBCore.cpp.o)
                0x0000000000003c50                USBDeviceClass::sendConfiguration(unsigned long)
 .text._ZN14USBDeviceClass14sendDescriptorER8USBSetup
                0x0000000000003cd0       0xf0 /tmp/arduino-sketch-554CDDC3088C5FDC87378995C7D19384/../arduino-core-cache/core_Seeeduino_samd_zero_6b3061db018e95c38d6b5470ac251519.a(USBCore.cpp.o)
                0x0000000000003cd0                USBDeviceClass::sendDescriptor(USBSetup&)
 .text._ZN14USBDeviceClass19handleStandardSetupER8USBSetup
                0x0000000000003dc0      0x104 /tmp/arduino-sketch-554CDDC3088C5FDC87378995C7D19384/../arduino-core-cache/core_Seeeduino_samd_zero_6b3061db018e95c38d6b5470ac251519.a(USBCore.cpp.o)
                0x0000000000003dc0                USBDeviceClass::handleStandardSetup(USBSetup&)
 .text._ZN14USBDeviceClass10ISRHandlerEv
                0x0000000000003ec4      0x140 /tmp/arduino-sketch-554CDDC3088C5FDC87378995C7D19384/../arduino-core-cache/core_Seeeduino_samd_zero_6b3061db018e95c38d6b5470ac251519.a(USBCore.cpp.o)
                0x0000000000003ec4                USBDeviceClass::ISRHandler()
 .text.UDD_Handler
                0x0000000000004004       0x10 /tmp/arduino-sketch-554CDDC3088C5FDC87378995C7D19384/../arduino-core-cache/core_Seeeduino_samd_zero_6b3061db018e95c38d6b5470ac251519.a(USBCore.cpp.o)
                0x0000000000004004                UDD_Handler
 .text.startup._GLOBAL__sub_I_usbd
                0x0000000000004014       0x10 /tmp/arduino-sketch-554CDDC3088C5FDC87378995C7D19384/../arduino-core-cache/core_Seeeduino_samd_zero_6b3061db018e95c38d6b5470ac251519.a(USBCore.cpp.o)
 .text._ZN4UartcvbEv
                0x0000000000004024        0x4 /tmp/arduino-sketch-554CDDC3088C5FDC87378995C7D19384/../arduino-core-cache/core_Seeeduino_samd_zero_6b3061db018e95c38d6b5470ac251519.a(Uart.cpp.o)
                0x0000000000004024                Uart::operator bool()
 .text._ZN4Uart5beginEm
                0x0000000000004028       0x10 /tmp/arduino-sketch-554CDDC3088C5FDC87378995C7D19384/../arduino-core-cache/core_Seeeduino_samd_zero_6b3061db018e95c38d6b5470ac251519.a(Uart.cpp.o)
                0x0000000000004028                Uart::begin(unsigned long)
 .text._ZN4Uart4peekEv
                0x0000000000004038       0x1a /tmp/arduino-sketch-554CDDC3088C5FDC87378995C7D19384/../arduino-core-cache/core_Seeeduino_samd_zero_6b3061db018e95c38d6b5470ac251519.a(Uart.cpp.o)
                0x0000000000004038                Uart::peek()
 .text._ZN4Uart3endEv
                0x0000000000004052       0x20 /tmp/arduino-sketch-554CDDC3088C5FDC87378995C7D19384/../arduino-core-cache/core_Seeeduino_samd_zero_6b3061db018e95c38d6b5470ac251519.a(Uart.cpp.o)
                0x0000000000004052                Uart::end()
 .text._ZN4Uart16extractNbStopBitEt
                0x0000000000004072        0xc /tmp/arduino-sketch-554CDDC3088C5FDC87378995C7D19384/../arduino-core-cache/core_Seeeduino_samd_zero_6b3061db018e95c38d6b5470ac251519.a(Uart.cpp.o)
                0x0000000000004072                Uart::extractNbStopBit(unsigned short)
 .text._ZN4Uart15extractCharSizeEt
                0x000000000000407e       0x28 /tmp/arduino-sketch-554CDDC3088C5FDC87378995C7D19384/../arduino-core-cache/core_Seeeduino_samd_zero_6b3061db018e95c38d6b5470ac251519.a(Uart.cpp.o)
                0x000000000000407e                Uart::extractCharSize(unsigned short)
 .text._ZN4Uart13extractParityEt
                0x00000000000040a6       0x14 /tmp/arduino-sketch-554CDDC3088C5FDC87378995C7D19384/../arduino-core-cache/core_Seeeduino_samd_zero_6b3061db018e95c38d6b5470ac251519.a(Uart.cpp.o)
                0x00000000000040a6                Uart::extractParity(unsigned short)
 *fill*         0x00000000000040ba        0x2 
 .text._ZN4Uart5beginEmt
                0x00000000000040bc       0xf8 /tmp/arduino-sketch-554CDDC3088C5FDC87378995C7D19384/../arduino-core-cache/core_Seeeduino_samd_zero_6b3061db018e95c38d6b5470ac251519.a(Uart.cpp.o)
                0x00000000000040bc                Uart::begin(unsigned long, unsigned short)
 .text._ZN11RingBufferNILi256EEC2Ev
                0x00000000000041b4       0x1c /tmp/arduino-sketch-554CDDC3088C5FDC87378995C7D19384/../arduino-core-cache/core_Seeeduino_samd_zero_6b3061db018e95c38d6b5470ac251519.a(Uart.cpp.o)
                0x00000000000041b4                RingBufferN<256>::RingBufferN()
                0x00000000000041b4                RingBufferN<256>::RingBufferN()
 .text._ZN4UartC2EP6SERCOMhh11SercomRXPad15SercomUartTXPad
                0x00000000000041d0       0x74 /tmp/arduino-sketch-554CDDC3088C5FDC87378995C7D19384/../arduino-core-cache/core_Seeeduino_samd_zero_6b3061db018e95c38d6b5470ac251519.a(Uart.cpp.o)
                0x00000000000041d0                Uart::Uart(SERCOM*, unsigned char, unsigned char, SercomRXPad, SercomUartTXPad)
                0x00000000000041d0                Uart::Uart(SERCOM*, unsigned char, unsigned char, SercomRXPad, SercomUartTXPad)
 .text._ZN11RingBufferNILi256EE17availableForStoreEv
                0x0000000000004244       0x20 /tmp/arduino-sketch-554CDDC3088C5FDC87378995C7D19384/../arduino-core-cache/core_Seeeduino_samd_zero_6b3061db018e95c38d6b5470ac251519.a(Uart.cpp.o)
                0x0000000000004244                RingBufferN<256>::availableForStore()
 .text._ZN4Uart17availableForWriteEv
                0x0000000000004264        0xc /tmp/arduino-sketch-554CDDC3088C5FDC87378995C7D19384/../arduino-core-cache/core_Seeeduino_samd_zero_6b3061db018e95c38d6b5470ac251519.a(Uart.cpp.o)
                0x0000000000004264                Uart::availableForWrite()
 .text._ZN4Uart4readEv
                0x0000000000004270       0x4c /tmp/arduino-sketch-554CDDC3088C5FDC87378995C7D19384/../arduino-core-cache/core_Seeeduino_samd_zero_6b3061db018e95c38d6b5470ac251519.a(Uart.cpp.o)
                0x0000000000004270                Uart::read()
 .text._ZN11RingBufferNILi256EE9availableEv
                0x00000000000042bc       0x12 /tmp/arduino-sketch-554CDDC3088C5FDC87378995C7D19384/../arduino-core-cache/core_Seeeduino_samd_zero_6b3061db018e95c38d6b5470ac251519.a(Uart.cpp.o)
                0x00000000000042bc                RingBufferN<256>::available()
 .text._ZN4Uart5flushEv
                0x00000000000042ce       0x1a /tmp/arduino-sketch-554CDDC3088C5FDC87378995C7D19384/../arduino-core-cache/core_Seeeduino_samd_zero_6b3061db018e95c38d6b5470ac251519.a(Uart.cpp.o)
                0x00000000000042ce                Uart::flush()
 .text._ZN4Uart9availableEv
                0x00000000000042e8        0xa /tmp/arduino-sketch-554CDDC3088C5FDC87378995C7D19384/../arduino-core-cache/core_Seeeduino_samd_zero_6b3061db018e95c38d6b5470ac251519.a(Uart.cpp.o)
                0x00000000000042e8                Uart::available()
 .text._ZN4Uart10IrqHandlerEv
                0x00000000000042f2       0xcc /tmp/arduino-sketch-554CDDC3088C5FDC87378995C7D19384/../arduino-core-cache/core_Seeeduino_samd_zero_6b3061db018e95c38d6b5470ac251519.a(Uart.cpp.o)
                0x00000000000042f2                Uart::IrqHandler()
 *fill*         0x00000000000043be        0x2 
 .text._ZN4Uart5writeEh
                0x00000000000043c0       0xb4 /tmp/arduino-sketch-554CDDC3088C5FDC87378995C7D19384/../arduino-core-cache/core_Seeeduino_samd_zero_6b3061db018e95c38d6b5470ac251519.a(Uart.cpp.o)
                0x00000000000043c0                Uart::write(unsigned char)
 .text._Z11initVariantv
                0x0000000000004474        0x2 /tmp/arduino-sketch-554CDDC3088C5FDC87378995C7D19384/../arduino-core-cache/core_Seeeduino_samd_zero_6b3061db018e95c38d6b5470ac251519.a(main.cpp.o)
                0x0000000000004474                initVariant()
 *fill*         0x0000000000004476        0x2 
 .text._Z10_real_bodyv
                0x0000000000004478       0x20 /tmp/arduino-sketch-554CDDC3088C5FDC87378995C7D19384/../arduino-core-cache/core_Seeeduino_samd_zero_6b3061db018e95c38d6b5470ac251519.a(main.cpp.o)
                0x0000000000004478                _real_body()
 .text._Z10_wrap_bodyv
                0x0000000000004498        0x6 /tmp/arduino-sketch-554CDDC3088C5FDC87378995C7D19384/../arduino-core-cache/core_Seeeduino_samd_zero_6b3061db018e95c38d6b5470ac251519.a(main.cpp.o)
                0x0000000000004498                _wrap_body()
 *fill*         0x000000000000449e        0x2 
 .text.startup.main
                0x00000000000044a0       0x30 /tmp/arduino-sketch-554CDDC3088C5FDC87378995C7D19384/../arduino-core-cache/core_Seeeduino_samd_zero_6b3061db018e95c38d6b5470ac251519.a(main.cpp.o)
                0x00000000000044a0                main
 .text._Znwj    0x00000000000044d0        0x8 /tmp/arduino-sketch-554CDDC3088C5FDC87378995C7D19384/../arduino-core-cache/core_Seeeduino_samd_zero_6b3061db018e95c38d6b5470ac251519.a(new.cpp.o)
                0x00000000000044d0                operator new(unsigned int)
 .text._ZdlPv   0x00000000000044d8        0x8 /tmp/arduino-sketch-554CDDC3088C5FDC87378995C7D19384/../arduino-core-cache/core_Seeeduino_samd_zero_6b3061db018e95c38d6b5470ac251519.a(new.cpp.o)
                0x00000000000044d8                operator delete(void*)
 .text._sbrk    0x00000000000044e0       0x3c /tmp/arduino-sketch-554CDDC3088C5FDC87378995C7D19384/../arduino-core-cache/core_Seeeduino_samd_zero_6b3061db018e95c38d6b5470ac251519.a(new.cpp.o)
                0x00000000000044e0                _sbrk
 .text._ZN5Print5writeEPKhj
                0x000000000000451c       0x28 /tmp/arduino-sketch-554CDDC3088C5FDC87378995C7D19384/../arduino-core-cache/core_Seeeduino_samd_zero_6b3061db018e95c38d6b5470ac251519.a(Print.cpp.o)
                0x000000000000451c                Print::write(unsigned char const*, unsigned int)
 .text._ZN13PluggableUSB_12getInterfaceEPh
                0x0000000000004544       0x28 /tmp/arduino-sketch-554CDDC3088C5FDC87378995C7D19384/../arduino-core-cache/core_Seeeduino_samd_zero_6b3061db018e95c38d6b5470ac251519.a(PluggableUSB.cpp.o)
                0x0000000000004544                PluggableUSB_::getInterface(unsigned char*)
 .text._ZN13PluggableUSB_13getDescriptorER8USBSetup
                0x000000000000456c       0x20 /tmp/arduino-sketch-554CDDC3088C5FDC87378995C7D19384/../arduino-core-cache/core_Seeeduino_samd_zero_6b3061db018e95c38d6b5470ac251519.a(PluggableUSB.cpp.o)
                0x000000000000456c                PluggableUSB_::getDescriptor(USBSetup&)
 .text._ZN13PluggableUSB_5setupER8USBSetup
                0x000000000000458c       0x20 /tmp/arduino-sketch-554CDDC3088C5FDC87378995C7D19384/../arduino-core-cache/core_Seeeduino_samd_zero_6b3061db018e95c38d6b5470ac251519.a(PluggableUSB.cpp.o)
                0x000000000000458c                PluggableUSB_::setup(USBSetup&)
 .text._ZN13PluggableUSB_14handleEndpointEi
                0x00000000000045ac       0x20 /tmp/arduino-sketch-554CDDC3088C5FDC87378995C7D19384/../arduino-core-cache/core_Seeeduino_samd_zero_6b3061db018e95c38d6b5470ac251519.a(PluggableUSB.cpp.o)
                0x00000000000045ac                PluggableUSB_::handleEndpoint(int)
 .text._Z12PluggableUSBv
                0x00000000000045cc       0x24 /tmp/arduino-sketch-554CDDC3088C5FDC87378995C7D19384/../arduino-core-cache/core_Seeeduino_samd_zero_6b3061db018e95c38d6b5470ac251519.a(PluggableUSB.cpp.o)
                0x00000000000045cc                PluggableUSB()
 .text._ZN20USBDevice_SAMD21G18x5resetEv
                0x00000000000045f0       0x2e /tmp/arduino-sketch-554CDDC3088C5FDC87378995C7D19384/../arduino-core-cache/core_Seeeduino_samd_zero_6b3061db018e95c38d6b5470ac251519.a(SAMD21_USBDevice.cpp.o)
                0x00000000000045f0                USBDevice_SAMD21G18x::reset()
 *fill*         0x000000000000461e        0x2 
 .text._ZN20USBDevice_SAMD21G18x9calibrateEv
                0x0000000000004620       0x60 /tmp/arduino-sketch-554CDDC3088C5FDC87378995C7D19384/../arduino-core-cache/core_Seeeduino_samd_zero_6b3061db018e95c38d6b5470ac251519.a(SAMD21_USBDevice.cpp.o)
                0x0000000000004620                USBDevice_SAMD21G18x::calibrate()
 .text._ZdlPvj  0x0000000000004680        0x8 /home/odyssey/.arduino15/packages/Seeeduino/tools/arm-none-eabi-gcc/7-2017q4/bin/../lib/gcc/arm-none-eabi/7.2.1/../../../../arm-none-eabi/lib/thumb/v6-m/libstdc++_nano.a(del_ops.o)
                0x0000000000004680                operator delete(void*, unsigned int)
 .text          0x0000000000004688       0x14 /home/odyssey/.arduino15/packages/Seeeduino/tools/arm-none-eabi-gcc/7-2017q4/bin/../lib/gcc/arm-none-eabi/7.2.1/thumb/v6-m/libgcc.a(_thumb1_case_uqi.o)
                0x0000000000004688                __gnu_thumb1_case_uqi
 .text          0x000000000000469c      0x114 /home/odyssey/.arduino15/packages/Seeeduino/tools/arm-none-eabi-gcc/7-2017q4/bin/../lib/gcc/arm-none-eabi/7.2.1/thumb/v6-m/libgcc.a(_udivsi3.o)
                0x000000000000469c                __udivsi3
                0x000000000000469c                __aeabi_uidiv
                0x00000000000047a8                __aeabi_uidivmod
 .text          0x00000000000047b0      0x1d4 /home/odyssey/.arduino15/packages/Seeeduino/tools/arm-none-eabi-gcc/7-2017q4/bin/../lib/gcc/arm-none-eabi/7.2.1/thumb/v6-m/libgcc.a(_divsi3.o)
                0x00000000000047b0                __aeabi_idiv
                0x00000000000047b0                __divsi3
                0x000000000000497c                __aeabi_idivmod
 .text          0x0000000000004984        0x4 /home/odyssey/.arduino15/packages/Seeeduino/tools/arm-none-eabi-gcc/7-2017q4/bin/../lib/gcc/arm-none-eabi/7.2.1/thumb/v6-m/libgcc.a(_dvmd_tls.o)
                0x0000000000004984                __aeabi_ldiv0
                0x0000000000004984                __aeabi_idiv0
 .text          0x0000000000004988       0x7c /home/odyssey/.arduino15/packages/Seeeduino/tools/arm-none-eabi-gcc/7-2017q4/bin/../lib/gcc/arm-none-eabi/7.2.1/thumb/v6-m/libgcc.a(_arm_cmpdf2.o)
                0x0000000000004988                __aeabi_cdrcmple
                0x0000000000004998                __aeabi_cdcmple
                0x0000000000004998                __aeabi_cdcmpeq
                0x00000000000049a8                __aeabi_dcmpeq
                0x00000000000049b4                __aeabi_dcmplt
                0x00000000000049c8                __aeabi_dcmple
                0x00000000000049dc                __aeabi_dcmpgt
                0x00000000000049f0                __aeabi_dcmpge
 .text          0x0000000000004a04       0x30 /home/odyssey/.arduino15/packages/Seeeduino/tools/arm-none-eabi-gcc/7-2017q4/bin/../lib/gcc/arm-none-eabi/7.2.1/thumb/v6-m/libgcc.a(_fixunssfsi.o)
                0x0000000000004a04                __aeabi_f2uiz
                0x0000000000004a04                __fixunssfsi
 .text          0x0000000000004a34       0x3c /home/odyssey/.arduino15/packages/Seeeduino/tools/arm-none-eabi-gcc/7-2017q4/bin/../lib/gcc/arm-none-eabi/7.2.1/thumb/v6-m/libgcc.a(_fixunsdfsi.o)
                0x0000000000004a34                __fixunsdfsi
                0x0000000000004a34                __aeabi_d2uiz
 .text          0x0000000000004a70      0x224 /home/odyssey/.arduino15/packages/Seeeduino/tools/arm-none-eabi-gcc/7-2017q4/bin/../lib/gcc/arm-none-eabi/7.2.1/thumb/v6-m/libgcc.a(divsf3.o)
                0x0000000000004a70                __aeabi_fdiv
 .text          0x0000000000004c94      0x264 /home/odyssey/.arduino15/packages/Seeeduino/tools/arm-none-eabi-gcc/7-2017q4/bin/../lib/gcc/arm-none-eabi/7.2.1/thumb/v6-m/libgcc.a(mulsf3.o)
                0x0000000000004c94                __aeabi_fmul
 .text          0x0000000000004ef8      0x388 /home/odyssey/.arduino15/packages/Seeeduino/tools/arm-none-eabi-gcc/7-2017q4/bin/../lib/gcc/arm-none-eabi/7.2.1/thumb/v6-m/libgcc.a(subsf3.o)
                0x0000000000004ef8                __aeabi_fsub
 .text          0x0000000000005280       0x40 /home/odyssey/.arduino15/packages/Seeeduino/tools/arm-none-eabi-gcc/7-2017q4/bin/../lib/gcc/arm-none-eabi/7.2.1/thumb/v6-m/libgcc.a(fixsfsi.o)
                0x0000000000005280                __aeabi_f2iz
 .text          0x00000000000052c0       0x94 /home/odyssey/.arduino15/packages/Seeeduino/tools/arm-none-eabi-gcc/7-2017q4/bin/../lib/gcc/arm-none-eabi/7.2.1/thumb/v6-m/libgcc.a(floatsisf.o)
                0x00000000000052c0                __aeabi_i2f
 .text          0x0000000000005354      0x638 /home/odyssey/.arduino15/packages/Seeeduino/tools/arm-none-eabi-gcc/7-2017q4/bin/../lib/gcc/arm-none-eabi/7.2.1/thumb/v6-m/libgcc.a(adddf3.o)
                0x0000000000005354                __aeabi_dadd
 .text          0x000000000000598c      0x604 /home/odyssey/.arduino15/packages/Seeeduino/tools/arm-none-eabi-gcc/7-2017q4/bin/../lib/gcc/arm-none-eabi/7.2.1/thumb/v6-m/libgcc.a(divdf3.o)
                0x000000000000598c                __aeabi_ddiv
 .text          0x0000000000005f90       0x78 /home/odyssey/.arduino15/packages/Seeeduino/tools/arm-none-eabi-gcc/7-2017q4/bin/../lib/gcc/arm-none-eabi/7.2.1/thumb/v6-m/libgcc.a(eqdf2.o)
                0x0000000000005f90                __eqdf2
                0x0000000000005f90                __nedf2
 .text          0x0000000000006008       0xc8 /home/odyssey/.arduino15/packages/Seeeduino/tools/arm-none-eabi-gcc/7-2017q4/bin/../lib/gcc/arm-none-eabi/7.2.1/thumb/v6-m/libgcc.a(gedf2.o)
                0x0000000000006008                __gtdf2
                0x0000000000006008                __gedf2
 .text          0x00000000000060d0       0xd0 /home/odyssey/.arduino15/packages/Seeeduino/tools/arm-none-eabi-gcc/7-2017q4/bin/../lib/gcc/arm-none-eabi/7.2.1/thumb/v6-m/libgcc.a(ledf2.o)
                0x00000000000060d0                __ltdf2
                0x00000000000060d0                __ledf2
 .text          0x00000000000061a0      0x4e4 /home/odyssey/.arduino15/packages/Seeeduino/tools/arm-none-eabi-gcc/7-2017q4/bin/../lib/gcc/arm-none-eabi/7.2.1/thumb/v6-m/libgcc.a(muldf3.o)
                0x00000000000061a0                __aeabi_dmul
 .text          0x0000000000006684      0x690 /home/odyssey/.arduino15/packages/Seeeduino/tools/arm-none-eabi-gcc/7-2017q4/bin/../lib/gcc/arm-none-eabi/7.2.1/thumb/v6-m/libgcc.a(subdf3.o)
                0x0000000000006684                __aeabi_dsub
 .text          0x0000000000006d14       0x38 /home/odyssey/.arduino15/packages/Seeeduino/tools/arm-none-eabi-gcc/7-2017q4/bin/../lib/gcc/arm-none-eabi/7.2.1/thumb/v6-m/libgcc.a(unorddf2.o)
                0x0000000000006d14                __aeabi_dcmpun
 .text          0x0000000000006d4c       0x6c /home/odyssey/.arduino15/packages/Seeeduino/tools/arm-none-eabi-gcc/7-2017q4/bin/../lib/gcc/arm-none-eabi/7.2.1/thumb/v6-m/libgcc.a(fixdfsi.o)
                0x0000000000006d4c                __aeabi_d2iz
 .text          0x0000000000006db8       0x64 /home/odyssey/.arduino15/packages/Seeeduino/tools/arm-none-eabi-gcc/7-2017q4/bin/../lib/gcc/arm-none-eabi/7.2.1/thumb/v6-m/libgcc.a(floatunsidf.o)
                0x0000000000006db8                __aeabi_ui2d
 .text          0x0000000000006e1c       0x74 /home/odyssey/.arduino15/packages/Seeeduino/tools/arm-none-eabi-gcc/7-2017q4/bin/../lib/gcc/arm-none-eabi/7.2.1/thumb/v6-m/libgcc.a(_arm_cmpsf2.o)
                0x0000000000006e1c                __aeabi_cfrcmple
                0x0000000000006e24                __aeabi_cfcmple
                0x0000000000006e24                __aeabi_cfcmpeq
                0x0000000000006e34                __aeabi_fcmpeq
                0x0000000000006e40                __aeabi_fcmplt
                0x0000000000006e54                __aeabi_fcmple
                0x0000000000006e68                __aeabi_fcmpgt
                0x0000000000006e7c                __aeabi_fcmpge
 .text          0x0000000000006e90       0x3c /home/odyssey/.arduino15/packages/Seeeduino/tools/arm-none-eabi-gcc/7-2017q4/bin/../lib/gcc/arm-none-eabi/7.2.1/thumb/v6-m/libgcc.a(_clzsi2.o)
                0x0000000000006e90                __clzsi2
 .text          0x0000000000006ecc       0x50 /home/odyssey/.arduino15/packages/Seeeduino/tools/arm-none-eabi-gcc/7-2017q4/bin/../lib/gcc/arm-none-eabi/7.2.1/thumb/v6-m/libgcc.a(eqsf2.o)
                0x0000000000006ecc                __nesf2
                0x0000000000006ecc                __eqsf2
 .text          0x0000000000006f1c       0x9c /home/odyssey/.arduino15/packages/Seeeduino/tools/arm-none-eabi-gcc/7-2017q4/bin/../lib/gcc/arm-none-eabi/7.2.1/thumb/v6-m/libgcc.a(gesf2.o)
                0x0000000000006f1c                __gtsf2
                0x0000000000006f1c                __gesf2
 .text          0x0000000000006fb8       0xa0 /home/odyssey/.arduino15/packages/Seeeduino/tools/arm-none-eabi-gcc/7-2017q4/bin/../lib/gcc/arm-none-eabi/7.2.1/thumb/v6-m/libgcc.a(lesf2.o)
                0x0000000000006fb8                __lesf2
                0x0000000000006fb8                __ltsf2
 .text.__libc_init_array
                0x0000000000007058       0x48 /home/odyssey/.arduino15/packages/Seeeduino/tools/arm-none-eabi-gcc/7-2017q4/bin/../lib/gcc/arm-none-eabi/7.2.1/../../../../arm-none-eabi/lib/thumb/v6-m/libc_nano.a(lib_a-init.o)
                0x0000000000007058                __libc_init_array
 .text.malloc   0x00000000000070a0       0x14 /home/odyssey/.arduino15/packages/Seeeduino/tools/arm-none-eabi-gcc/7-2017q4/bin/../lib/gcc/arm-none-eabi/7.2.1/../../../../arm-none-eabi/lib/thumb/v6-m/libc_nano.a(lib_a-malloc.o)
                0x00000000000070a0                malloc
 .text.free     0x00000000000070b4       0x14 /home/odyssey/.arduino15/packages/Seeeduino/tools/arm-none-eabi-gcc/7-2017q4/bin/../lib/gcc/arm-none-eabi/7.2.1/../../../../arm-none-eabi/lib/thumb/v6-m/libc_nano.a(lib_a-malloc.o)
                0x00000000000070b4                free
 .text.memcpy   0x00000000000070c8       0x12 /home/odyssey/.arduino15/packages/Seeeduino/tools/arm-none-eabi-gcc/7-2017q4/bin/../lib/gcc/arm-none-eabi/7.2.1/../../../../arm-none-eabi/lib/thumb/v6-m/libc_nano.a(lib_a-memcpy-stub.o)
                0x00000000000070c8                memcpy
 .text.memset   0x00000000000070da       0x10 /home/odyssey/.arduino15/packages/Seeeduino/tools/arm-none-eabi-gcc/7-2017q4/bin/../lib/gcc/arm-none-eabi/7.2.1/../../../../arm-none-eabi/lib/thumb/v6-m/libc_nano.a(lib_a-memset.o)
                0x00000000000070da                memset
 *fill*         0x00000000000070ea        0x2 
 .text._free_r  0x00000000000070ec       0x94 /home/odyssey/.arduino15/packages/Seeeduino/tools/arm-none-eabi-gcc/7-2017q4/bin/../lib/gcc/arm-none-eabi/7.2.1/../../../../arm-none-eabi/lib/thumb/v6-m/libc_nano.a(lib_a-nano-freer.o)
                0x00000000000070ec                _free_r
 .text._malloc_r
                0x0000000000007180       0xbc /home/odyssey/.arduino15/packages/Seeeduino/tools/arm-none-eabi-gcc/7-2017q4/bin/../lib/gcc/arm-none-eabi/7.2.1/../../../../arm-none-eabi/lib/thumb/v6-m/libc_nano.a(lib_a-nano-mallocr.o)
                0x0000000000007180                _malloc_r
 .text.__cvt    0x000000000000723c       0xc8 /home/odyssey/.arduino15/packages/Seeeduino/tools/arm-none-eabi-gcc/7-2017q4/bin/../lib/gcc/arm-none-eabi/7.2.1/../../../../arm-none-eabi/lib/thumb/v6-m/libc_nano.a(lib_a-nano-vfprintf_float.o)
                0x000000000000723c                __cvt
 .text.__exponent
                0x0000000000007304       0x70 /home/odyssey/.arduino15/packages/Seeeduino/tools/arm-none-eabi-gcc/7-2017q4/bin/../lib/gcc/arm-none-eabi/7.2.1/../../../../arm-none-eabi/lib/thumb/v6-m/libc_nano.a(lib_a-nano-vfprintf_float.o)
                0x0000000000007304                __exponent
 .text._printf_float
                0x0000000000007374      0x498 /home/odyssey/.arduino15/packages/Seeeduino/tools/arm-none-eabi-gcc/7-2017q4/bin/../lib/gcc/arm-none-eabi/7.2.1/../../../../arm-none-eabi/lib/thumb/v6-m/libc_nano.a(lib_a-nano-vfprintf_float.o)
                0x0000000000007374                _printf_float
 .text._printf_common
                0x000000000000780c       0xda /home/odyssey/.arduino15/packages/Seeeduino/tools/arm-none-eabi-gcc/7-2017q4/bin/../lib/gcc/arm-none-eabi/7.2.1/../../../../arm-none-eabi/lib/thumb/v6-m/libc_nano.a(lib_a-nano-vfprintf_i.o)
                0x000000000000780c                _printf_common
 *fill*         0x00000000000078e6        0x2 
 .text._printf_i
                0x00000000000078e8      0x210 /home/odyssey/.arduino15/packages/Seeeduino/tools/arm-none-eabi-gcc/7-2017q4/bin/../lib/gcc/arm-none-eabi/7.2.1/../../../../arm-none-eabi/lib/thumb/v6-m/libc_nano.a(lib_a-nano-vfprintf_i.o)
                0x00000000000078e8                _printf_i
 .text._scanf_float
                0x0000000000007af8      0x3fc /home/odyssey/.arduino15/packages/Seeeduino/tools/arm-none-eabi-gcc/7-2017q4/bin/../lib/gcc/arm-none-eabi/7.2.1/../../../../arm-none-eabi/lib/thumb/v6-m/libc_nano.a(lib_a-nano-vfscanf_float.o)
                0x0000000000007af8                _scanf_float
 .text._sbrk_r  0x0000000000007ef4       0x24 /home/odyssey/.arduino15/packages/Seeeduino/tools/arm-none-eabi-gcc/7-2017q4/bin/../lib/gcc/arm-none-eabi/7.2.1/../../../../arm-none-eabi/lib/thumb/v6-m/libc_nano.a(lib_a-sbrkr.o)
                0x0000000000007ef4                _sbrk_r
 .text.nanf     0x0000000000007f18        0x8 /home/odyssey/.arduino15/packages/Seeeduino/tools/arm-none-eabi-gcc/7-2017q4/bin/../lib/gcc/arm-none-eabi/7.2.1/../../../../arm-none-eabi/lib/thumb/v6-m/libc_nano.a(lib_a-sf_nan.o)
                0x0000000000007f18                nanf
 .text.sprintf  0x0000000000007f20       0x40 /home/odyssey/.arduino15/packages/Seeeduino/tools/arm-none-eabi-gcc/7-2017q4/bin/../lib/gcc/arm-none-eabi/7.2.1/../../../../arm-none-eabi/lib/thumb/v6-m/libc_nano.a(lib_a-sprintf.o)
                0x0000000000007f20                sprintf
                0x0000000000007f20                siprintf
 .text          0x0000000000007f60        0xe /home/odyssey/.arduino15/packages/Seeeduino/tools/arm-none-eabi-gcc/7-2017q4/bin/../lib/gcc/arm-none-eabi/7.2.1/../../../../arm-none-eabi/lib/thumb/v6-m/libc_nano.a(lib_a-strlen.o)
                0x0000000000007f60                strlen
 *fill*         0x0000000000007f6e        0x2 
 .text.unlikely.sulp
                0x0000000000007f70       0x30 /home/odyssey/.arduino15/packages/Seeeduino/tools/arm-none-eabi-gcc/7-2017q4/bin/../lib/gcc/arm-none-eabi/7.2.1/../../../../arm-none-eabi/lib/thumb/v6-m/libc_nano.a(lib_a-strtod.o)
 .text._strtod_l
                0x0000000000007fa0      0xc50 /home/odyssey/.arduino15/packages/Seeeduino/tools/arm-none-eabi-gcc/7-2017q4/bin/../lib/gcc/arm-none-eabi/7.2.1/../../../../arm-none-eabi/lib/thumb/v6-m/libc_nano.a(lib_a-strtod.o)
                0x0000000000007fa0                _strtod_l
 .text._strtod_r
                0x0000000000008bf0       0x1c /home/odyssey/.arduino15/packages/Seeeduino/tools/arm-none-eabi-gcc/7-2017q4/bin/../lib/gcc/arm-none-eabi/7.2.1/../../../../arm-none-eabi/lib/thumb/v6-m/libc_nano.a(lib_a-strtod.o)
                0x0000000000008bf0                _strtod_r
 .text._strtol_l.isra.0
                0x0000000000008c0c      0x104 /home/odyssey/.arduino15/packages/Seeeduino/tools/arm-none-eabi-gcc/7-2017q4/bin/../lib/gcc/arm-none-eabi/7.2.1/../../../../arm-none-eabi/lib/thumb/v6-m/libc_nano.a(lib_a-strtol.o)
 .text._strtol_r
                0x0000000000008d10       0x20 /home/odyssey/.arduino15/packages/Seeeduino/tools/arm-none-eabi-gcc/7-2017q4/bin/../lib/gcc/arm-none-eabi/7.2.1/../../../../arm-none-eabi/lib/thumb/v6-m/libc_nano.a(lib_a-strtol.o)
                0x0000000000008d10                _strtol_r
 .text.quorem   0x0000000000008d30      0x10c /home/odyssey/.arduino15/packages/Seeeduino/tools/arm-none-eabi-gcc/7-2017q4/bin/../lib/gcc/arm-none-eabi/7.2.1/../../../../arm-none-eabi/lib/thumb/v6-m/libc_nano.a(lib_a-dtoa.o)
 .text._dtoa_r  0x0000000000008e3c      0xbc0 /home/odyssey/.arduino15/packages/Seeeduino/tools/arm-none-eabi-gcc/7-2017q4/bin/../lib/gcc/arm-none-eabi/7.2.1/../../../../arm-none-eabi/lib/thumb/v6-m/libc_nano.a(lib_a-dtoa.o)
                0x0000000000008e3c                _dtoa_r
 .text.rshift   0x00000000000099fc       0x68 /home/odyssey/.arduino15/packages/Seeeduino/tools/arm-none-eabi-gcc/7-2017q4/bin/../lib/gcc/arm-none-eabi/7.2.1/../../../../arm-none-eabi/lib/thumb/v6-m/libc_nano.a(lib_a-gdtoa-gethex.o)
 .text.__hexdig_fun
                0x0000000000009a64       0x2a /home/odyssey/.arduino15/packages/Seeeduino/tools/arm-none-eabi-gcc/7-2017q4/bin/../lib/gcc/arm-none-eabi/7.2.1/../../../../arm-none-eabi/lib/thumb/v6-m/libc_nano.a(lib_a-gdtoa-gethex.o)
                0x0000000000009a64                __hexdig_fun
 .text.__gethex
                0x0000000000009a8e      0x456 /home/odyssey/.arduino15/packages/Seeeduino/tools/arm-none-eabi-gcc/7-2017q4/bin/../lib/gcc/arm-none-eabi/7.2.1/../../../../arm-none-eabi/lib/thumb/v6-m/libc_nano.a(lib_a-gdtoa-gethex.o)
                0x0000000000009a8e                __gethex
 .text.L_shift  0x0000000000009ee4       0x24 /home/odyssey/.arduino15/packages/Seeeduino/tools/arm-none-eabi-gcc/7-2017q4/bin/../lib/gcc/arm-none-eabi/7.2.1/../../../../arm-none-eabi/lib/thumb/v6-m/libc_nano.a(lib_a-gdtoa-hexnan.o)
 .text.__match  0x0000000000009f08       0x28 /home/odyssey/.arduino15/packages/Seeeduino/tools/arm-none-eabi-gcc/7-2017q4/bin/../lib/gcc/arm-none-eabi/7.2.1/../../../../arm-none-eabi/lib/thumb/v6-m/libc_nano.a(lib_a-gdtoa-hexnan.o)
                0x0000000000009f08                __match
 .text.__hexnan
                0x0000000000009f30      0x12e /home/odyssey/.arduino15/packages/Seeeduino/tools/arm-none-eabi-gcc/7-2017q4/bin/../lib/gcc/arm-none-eabi/7.2.1/../../../../arm-none-eabi/lib/thumb/v6-m/libc_nano.a(lib_a-gdtoa-hexnan.o)
                0x0000000000009f30                __hexnan
 .text.__locale_ctype_ptr_l
                0x000000000000a05e        0x6 /home/odyssey/.arduino15/packages/Seeeduino/tools/arm-none-eabi-gcc/7-2017q4/bin/../lib/gcc/arm-none-eabi/7.2.1/../../../../arm-none-eabi/lib/thumb/v6-m/libc_nano.a(lib_a-locale.o)
                0x000000000000a05e                __locale_ctype_ptr_l
 .text.__localeconv_l
                0x000000000000a064        0x4 /home/odyssey/.arduino15/packages/Seeeduino/tools/arm-none-eabi-gcc/7-2017q4/bin/../lib/gcc/arm-none-eabi/7.2.1/../../../../arm-none-eabi/lib/thumb/v6-m/libc_nano.a(lib_a-localeconv.o)
                0x000000000000a064                __localeconv_l
 .text._localeconv_r
                0x000000000000a068       0x18 /home/odyssey/.arduino15/packages/Seeeduino/tools/arm-none-eabi-gcc/7-2017q4/bin/../lib/gcc/arm-none-eabi/7.2.1/../../../../arm-none-eabi/lib/thumb/v6-m/libc_nano.a(lib_a-localeconv.o)
                0x000000000000a068                _localeconv_r
 .text.__ascii_mbtowc
                0x000000000000a080       0x24 /home/odyssey/.arduino15/packages/Seeeduino/tools/arm-none-eabi-gcc/7-2017q4/bin/../lib/gcc/arm-none-eabi/7.2.1/../../../../arm-none-eabi/lib/thumb/v6-m/libc_nano.a(lib_a-mbtowc_r.o)
                0x000000000000a080                __ascii_mbtowc
 .text.memchr   0x000000000000a0a4       0x16 /home/odyssey/.arduino15/packages/Seeeduino/tools/arm-none-eabi-gcc/7-2017q4/bin/../lib/gcc/arm-none-eabi/7.2.1/../../../../arm-none-eabi/lib/thumb/v6-m/libc_nano.a(lib_a-memchr-stub.o)
                0x000000000000a0a4                memchr
 .text.__malloc_lock
                0x000000000000a0ba        0x2 /home/odyssey/.arduino15/packages/Seeeduino/tools/arm-none-eabi-gcc/7-2017q4/bin/../lib/gcc/arm-none-eabi/7.2.1/../../../../arm-none-eabi/lib/thumb/v6-m/libc_nano.a(lib_a-mlock.o)
                0x000000000000a0ba                __malloc_lock
 .text.__malloc_unlock
                0x000000000000a0bc        0x2 /home/odyssey/.arduino15/packages/Seeeduino/tools/arm-none-eabi-gcc/7-2017q4/bin/../lib/gcc/arm-none-eabi/7.2.1/../../../../arm-none-eabi/lib/thumb/v6-m/libc_nano.a(lib_a-mlock.o)
                0x000000000000a0bc                __malloc_unlock
 .text._Balloc  0x000000000000a0be       0x70 /home/odyssey/.arduino15/packages/Seeeduino/tools/arm-none-eabi-gcc/7-2017q4/bin/../lib/gcc/arm-none-eabi/7.2.1/../../../../arm-none-eabi/lib/thumb/v6-m/libc_nano.a(lib_a-mprec.o)
                0x000000000000a0be                _Balloc
 .text._Bfree   0x000000000000a12e       0x32 /home/odyssey/.arduino15/packages/Seeeduino/tools/arm-none-eabi-gcc/7-2017q4/bin/../lib/gcc/arm-none-eabi/7.2.1/../../../../arm-none-eabi/lib/thumb/v6-m/libc_nano.a(lib_a-mprec.o)
                0x000000000000a12e                _Bfree
 .text.__multadd
                0x000000000000a160       0x7c /home/odyssey/.arduino15/packages/Seeeduino/tools/arm-none-eabi-gcc/7-2017q4/bin/../lib/gcc/arm-none-eabi/7.2.1/../../../../arm-none-eabi/lib/thumb/v6-m/libc_nano.a(lib_a-mprec.o)
                0x000000000000a160                __multadd
 .text.__s2b    0x000000000000a1dc       0x7c /home/odyssey/.arduino15/packages/Seeeduino/tools/arm-none-eabi-gcc/7-2017q4/bin/../lib/gcc/arm-none-eabi/7.2.1/../../../../arm-none-eabi/lib/thumb/v6-m/libc_nano.a(lib_a-mprec.o)
                0x000000000000a1dc                __s2b
 .text.__hi0bits
                0x000000000000a258       0x34 /home/odyssey/.arduino15/packages/Seeeduino/tools/arm-none-eabi-gcc/7-2017q4/bin/../lib/gcc/arm-none-eabi/7.2.1/../../../../arm-none-eabi/lib/thumb/v6-m/libc_nano.a(lib_a-mprec.o)
                0x000000000000a258                __hi0bits
 .text.__lo0bits
                0x000000000000a28c       0x5e /home/odyssey/.arduino15/packages/Seeeduino/tools/arm-none-eabi-gcc/7-2017q4/bin/../lib/gcc/arm-none-eabi/7.2.1/../../../../arm-none-eabi/lib/thumb/v6-m/libc_nano.a(lib_a-mprec.o)
                0x000000000000a28c                __lo0bits
 .text.__i2b    0x000000000000a2ea       0x12 /home/odyssey/.arduino15/packages/Seeeduino/tools/arm-none-eabi-gcc/7-2017q4/bin/../lib/gcc/arm-none-eabi/7.2.1/../../../../arm-none-eabi/lib/thumb/v6-m/libc_nano.a(lib_a-mprec.o)
                0x000000000000a2ea                __i2b
 .text.__multiply
                0x000000000000a2fc      0x11e /home/odyssey/.arduino15/packages/Seeeduino/tools/arm-none-eabi-gcc/7-2017q4/bin/../lib/gcc/arm-none-eabi/7.2.1/../../../../arm-none-eabi/lib/thumb/v6-m/libc_nano.a(lib_a-mprec.o)
                0x000000000000a2fc                __multiply
 *fill*         0x000000000000a41a        0x2 
 .text.__pow5mult
                0x000000000000a41c       0xa4 /home/odyssey/.arduino15/packages/Seeeduino/tools/arm-none-eabi-gcc/7-2017q4/bin/../lib/gcc/arm-none-eabi/7.2.1/../../../../arm-none-eabi/lib/thumb/v6-m/libc_nano.a(lib_a-mprec.o)
                0x000000000000a41c                __pow5mult
 .text.__lshift
                0x000000000000a4c0       0xa4 /home/odyssey/.arduino15/packages/Seeeduino/tools/arm-none-eabi-gcc/7-2017q4/bin/../lib/gcc/arm-none-eabi/7.2.1/../../../../arm-none-eabi/lib/thumb/v6-m/libc_nano.a(lib_a-mprec.o)
                0x000000000000a4c0                __lshift
 .text.__mcmp   0x000000000000a564       0x34 /home/odyssey/.arduino15/packages/Seeeduino/tools/arm-none-eabi-gcc/7-2017q4/bin/../lib/gcc/arm-none-eabi/7.2.1/../../../../arm-none-eabi/lib/thumb/v6-m/libc_nano.a(lib_a-mprec.o)
                0x000000000000a564                __mcmp
 .text.__mdiff  0x000000000000a598       0xc8 /home/odyssey/.arduino15/packages/Seeeduino/tools/arm-none-eabi-gcc/7-2017q4/bin/../lib/gcc/arm-none-eabi/7.2.1/../../../../arm-none-eabi/lib/thumb/v6-m/libc_nano.a(lib_a-mprec.o)
                0x000000000000a598                __mdiff
 .text.__ulp    0x000000000000a660       0x4c /home/odyssey/.arduino15/packages/Seeeduino/tools/arm-none-eabi-gcc/7-2017q4/bin/../lib/gcc/arm-none-eabi/7.2.1/../../../../arm-none-eabi/lib/thumb/v6-m/libc_nano.a(lib_a-mprec.o)
                0x000000000000a660                __ulp
 .text.__b2d    0x000000000000a6ac       0x98 /home/odyssey/.arduino15/packages/Seeeduino/tools/arm-none-eabi-gcc/7-2017q4/bin/../lib/gcc/arm-none-eabi/7.2.1/../../../../arm-none-eabi/lib/thumb/v6-m/libc_nano.a(lib_a-mprec.o)
                0x000000000000a6ac                __b2d
 .text.__d2b    0x000000000000a744       0xa8 /home/odyssey/.arduino15/packages/Seeeduino/tools/arm-none-eabi-gcc/7-2017q4/bin/../lib/gcc/arm-none-eabi/7.2.1/../../../../arm-none-eabi/lib/thumb/v6-m/libc_nano.a(lib_a-mprec.o)
                0x000000000000a744                __d2b
 .text.__ratio  0x000000000000a7ec       0x4e /home/odyssey/.arduino15/packages/Seeeduino/tools/arm-none-eabi-gcc/7-2017q4/bin/../lib/gcc/arm-none-eabi/7.2.1/../../../../arm-none-eabi/lib/thumb/v6-m/libc_nano.a(lib_a-mprec.o)
                0x000000000000a7ec                __ratio
 .text.__copybits
                0x000000000000a83a       0x2c /home/odyssey/.arduino15/packages/Seeeduino/tools/arm-none-eabi-gcc/7-2017q4/bin/../lib/gcc/arm-none-eabi/7.2.1/../../../../arm-none-eabi/lib/thumb/v6-m/libc_nano.a(lib_a-mprec.o)
                0x000000000000a83a                __copybits
 .text.__any_on
                0x000000000000a866       0x44 /home/odyssey/.arduino15/packages/Seeeduino/tools/arm-none-eabi-gcc/7-2017q4/bin/../lib/gcc/arm-none-eabi/7.2.1/../../../../arm-none-eabi/lib/thumb/v6-m/libc_nano.a(lib_a-mprec.o)
                0x000000000000a866                __any_on
 .text._calloc_r
                0x000000000000a8aa       0x1c /home/odyssey/.arduino15/packages/Seeeduino/tools/arm-none-eabi-gcc/7-2017q4/bin/../lib/gcc/arm-none-eabi/7.2.1/../../../../arm-none-eabi/lib/thumb/v6-m/libc_nano.a(lib_a-nano-callocr.o)
                0x000000000000a8aa                _calloc_r
 *fill*         0x000000000000a8c6        0x2 
 .text.__ssputs_r
                0x000000000000a8c8       0xc4 /home/odyssey/.arduino15/packages/Seeeduino/tools/arm-none-eabi-gcc/7-2017q4/bin/../lib/gcc/arm-none-eabi/7.2.1/../../../../arm-none-eabi/lib/thumb/v6-m/libc_nano.a(lib_a-nano-svfprintf.o)
                0x000000000000a8c8                __ssputs_r
 .text._svfprintf_r
                0x000000000000a98c      0x1fc /home/odyssey/.arduino15/packages/Seeeduino/tools/arm-none-eabi-gcc/7-2017q4/bin/../lib/gcc/arm-none-eabi/7.2.1/../../../../arm-none-eabi/lib/thumb/v6-m/libc_nano.a(lib_a-nano-svfprintf.o)
                0x000000000000a98c                _svfprintf_r
                0x000000000000a98c                _svfiprintf_r
 .text.strncmp  0x000000000000ab88       0x22 /home/odyssey/.arduino15/packages/Seeeduino/tools/arm-none-eabi-gcc/7-2017q4/bin/../lib/gcc/arm-none-eabi/7.2.1/../../../../arm-none-eabi/lib/thumb/v6-m/libc_nano.a(lib_a-strncmp.o)
                0x000000000000ab88                strncmp
 .text.__ascii_wctomb
                0x000000000000abaa       0x18 /home/odyssey/.arduino15/packages/Seeeduino/tools/arm-none-eabi-gcc/7-2017q4/bin/../lib/gcc/arm-none-eabi/7.2.1/../../../../arm-none-eabi/lib/thumb/v6-m/libc_nano.a(lib_a-wctomb_r.o)
                0x000000000000abaa                __ascii_wctomb
 .text.memmove  0x000000000000abc2       0x26 /home/odyssey/.arduino15/packages/Seeeduino/tools/arm-none-eabi-gcc/7-2017q4/bin/../lib/gcc/arm-none-eabi/7.2.1/../../../../arm-none-eabi/lib/thumb/v6-m/libc_nano.a(lib_a-memmove.o)
                0x000000000000abc2                memmove
 .text._realloc_r
                0x000000000000abe8       0x4c /home/odyssey/.arduino15/packages/Seeeduino/tools/arm-none-eabi-gcc/7-2017q4/bin/../lib/gcc/arm-none-eabi/7.2.1/../../../../arm-none-eabi/lib/thumb/v6-m/libc_nano.a(lib_a-nano-reallocr.o)
                0x000000000000abe8                _realloc_r
 .text._malloc_usable_size_r
                0x000000000000ac34       0x10 /home/odyssey/.arduino15/packages/Seeeduino/tools/arm-none-eabi-gcc/7-2017q4/bin/../lib/gcc/arm-none-eabi/7.2.1/../../../../arm-none-eabi/lib/thumb/v6-m/libc_nano.a(lib_a-nano-msizer.o)
                0x000000000000ac34                _malloc_usable_size_r
 .text          0x000000000000ac44       0x74 /home/odyssey/.arduino15/packages/Seeeduino/tools/arm-none-eabi-gcc/7-2017q4/bin/../lib/gcc/arm-none-eabi/7.2.1/thumb/v6-m/libgcc.a(floatsidf.o)
                0x000000000000ac44                __aeabi_i2d
 .text          0x000000000000acb8      0x108 /home/odyssey/.arduino15/packages/Seeeduino/tools/arm-none-eabi-gcc/7-2017q4/bin/../lib/gcc/arm-none-eabi/7.2.1/thumb/v6-m/libgcc.a(truncdfsf2.o)
                0x000000000000acb8                __aeabi_d2f
 *(.init)
 .init          0x000000000000adc0        0x4 /home/odyssey/.arduino15/packages/Seeeduino/tools/arm-none-eabi-gcc/7-2017q4/bin/../lib/gcc/arm-none-eabi/7.2.1/thumb/v6-m/crti.o
                0x000000000000adc0                _init
 .init          0x000000000000adc4        0x8 /home/odyssey/.arduino15/packages/Seeeduino/tools/arm-none-eabi-gcc/7-2017q4/bin/../lib/gcc/arm-none-eabi/7.2.1/thumb/v6-m/crtn.o
 *(.fini)
 .fini          0x000000000000adcc        0x4 /home/odyssey/.arduino15/packages/Seeeduino/tools/arm-none-eabi-gcc/7-2017q4/bin/../lib/gcc/arm-none-eabi/7.2.1/thumb/v6-m/crti.o
                0x000000000000adcc                _fini
 .fini          0x000000000000add0        0x8 /home/odyssey/.arduino15/packages/Seeeduino/tools/arm-none-eabi-gcc/7-2017q4/bin/../lib/gcc/arm-none-eabi/7.2.1/thumb/v6-m/crtn.o
 *crtbegin.o(.ctors)
 *crtbegin?.o(.ctors)
 *(EXCLUDE_FILE(*crtend.o *crtend?.o) .ctors)
 *(SORT_BY_NAME(.ctors.*))
 *(.ctors)
 *crtbegin.o(.dtors)
 *crtbegin?.o(.dtors)
 *(EXCLUDE_FILE(*crtend.o *crtend?.o) .dtors)
 *(SORT_BY_NAME(.dtors.*))
 *(.dtors)
 *(.rodata*)
 .rodata.g_APinDescription
                0x000000000000add8      0x450 /tmp/arduino-sketch-554CDDC3088C5FDC87378995C7D19384/core/variant.cpp.o
                0x000000000000add8                g_APinDescription
 .rodata._ZL10sercomData
                0x000000000000b228       0x30 /tmp/arduino-sketch-554CDDC3088C5FDC87378995C7D19384/../arduino-core-cache/core_Seeeduino_samd_zero_6b3061db018e95c38d6b5470ac251519.a(SERCOM.cpp.o)
 .rodata._ZTV7Serial_
                0x000000000000b258       0x28 /tmp/arduino-sketch-554CDDC3088C5FDC87378995C7D19384/../arduino-core-cache/core_Seeeduino_samd_zero_6b3061db018e95c38d6b5470ac251519.a(CDC.cpp.o)
                0x000000000000b258                vtable for Serial_
 .rodata._ZTV26DoubleBufferedEPOutHandler
                0x000000000000b280       0x28 /tmp/arduino-sketch-554CDDC3088C5FDC87378995C7D19384/../arduino-core-cache/core_Seeeduino_samd_zero_6b3061db018e95c38d6b5470ac251519.a(USBCore.cpp.o)
                0x000000000000b280                vtable for DoubleBufferedEPOutHandler
 .rodata._ZL14STRING_PRODUCT
                0x000000000000b2a8        0xf /tmp/arduino-sketch-554CDDC3088C5FDC87378995C7D19384/../arduino-core-cache/core_Seeeduino_samd_zero_6b3061db018e95c38d6b5470ac251519.a(USBCore.cpp.o)
 *fill*         0x000000000000b2b7        0x1 
 .rodata._ZL15STRING_LANGUAGE
                0x000000000000b2b8        0x4 /tmp/arduino-sketch-554CDDC3088C5FDC87378995C7D19384/../arduino-core-cache/core_Seeeduino_samd_zero_6b3061db018e95c38d6b5470ac251519.a(USBCore.cpp.o)
 .rodata._ZL19STRING_MANUFACTURER
                0x000000000000b2bc        0xd /tmp/arduino-sketch-554CDDC3088C5FDC87378995C7D19384/../arduino-core-cache/core_Seeeduino_samd_zero_6b3061db018e95c38d6b5470ac251519.a(USBCore.cpp.o)
 .rodata._ZL20USB_DeviceDescriptor
                0x000000000000b2c9       0x12 /tmp/arduino-sketch-554CDDC3088C5FDC87378995C7D19384/../arduino-core-cache/core_Seeeduino_samd_zero_6b3061db018e95c38d6b5470ac251519.a(USBCore.cpp.o)
 .rodata._ZL21USB_DeviceDescriptorB
                0x000000000000b2db       0x12 /tmp/arduino-sketch-554CDDC3088C5FDC87378995C7D19384/../arduino-core-cache/core_Seeeduino_samd_zero_6b3061db018e95c38d6b5470ac251519.a(USBCore.cpp.o)
 *fill*         0x000000000000b2ed        0x3 
 .rodata._ZTV4Uart
                0x000000000000b2f0       0x34 /tmp/arduino-sketch-554CDDC3088C5FDC87378995C7D19384/../arduino-core-cache/core_Seeeduino_samd_zero_6b3061db018e95c38d6b5470ac251519.a(Uart.cpp.o)
                0x000000000000b2f0                vtable for Uart
 .rodata        0x000000000000b324       0x80 /home/odyssey/.arduino15/packages/Seeeduino/tools/arm-none-eabi-gcc/7-2017q4/bin/../lib/gcc/arm-none-eabi/7.2.1/thumb/v6-m/libgcc.a(divsf3.o)
 .rodata        0x000000000000b3a4       0x40 /home/odyssey/.arduino15/packages/Seeeduino/tools/arm-none-eabi-gcc/7-2017q4/bin/../lib/gcc/arm-none-eabi/7.2.1/thumb/v6-m/libgcc.a(mulsf3.o)
 .rodata        0x000000000000b3e4       0x40 /home/odyssey/.arduino15/packages/Seeeduino/tools/arm-none-eabi-gcc/7-2017q4/bin/../lib/gcc/arm-none-eabi/7.2.1/thumb/v6-m/libgcc.a(divdf3.o)
 .rodata        0x000000000000b424       0x40 /home/odyssey/.arduino15/packages/Seeeduino/tools/arm-none-eabi-gcc/7-2017q4/bin/../lib/gcc/arm-none-eabi/7.2.1/thumb/v6-m/libgcc.a(muldf3.o)
 .rodata._printf_float.str1.1
                0x000000000000b464       0x12 /home/odyssey/.arduino15/packages/Seeeduino/tools/arm-none-eabi-gcc/7-2017q4/bin/../lib/gcc/arm-none-eabi/7.2.1/../../../../arm-none-eabi/lib/thumb/v6-m/libc_nano.a(lib_a-nano-vfprintf_float.o)
 .rodata._printf_i.str1.1
                0x000000000000b476       0x22 /home/odyssey/.arduino15/packages/Seeeduino/tools/arm-none-eabi-gcc/7-2017q4/bin/../lib/gcc/arm-none-eabi/7.2.1/../../../../arm-none-eabi/lib/thumb/v6-m/libc_nano.a(lib_a-nano-vfprintf_i.o)
 .rodata._scanf_float.str1.1
                0x000000000000b498        0x5 /home/odyssey/.arduino15/packages/Seeeduino/tools/arm-none-eabi-gcc/7-2017q4/bin/../lib/gcc/arm-none-eabi/7.2.1/../../../../arm-none-eabi/lib/thumb/v6-m/libc_nano.a(lib_a-nano-vfscanf_float.o)
 .rodata._strtod_l.str1.1
                0x000000000000b49d        0x5 /home/odyssey/.arduino15/packages/Seeeduino/tools/arm-none-eabi-gcc/7-2017q4/bin/../lib/gcc/arm-none-eabi/7.2.1/../../../../arm-none-eabi/lib/thumb/v6-m/libc_nano.a(lib_a-strtod.o)
                                          0xc (size before relaxing)
 *fill*         0x000000000000b49d        0x3 
 .rodata.fpi.6156
                0x000000000000b4a0       0x14 /home/odyssey/.arduino15/packages/Seeeduino/tools/arm-none-eabi-gcc/7-2017q4/bin/../lib/gcc/arm-none-eabi/7.2.1/../../../../arm-none-eabi/lib/thumb/v6-m/libc_nano.a(lib_a-strtod.o)
 .rodata.fpinan.6192
                0x000000000000b4b4       0x14 /home/odyssey/.arduino15/packages/Seeeduino/tools/arm-none-eabi-gcc/7-2017q4/bin/../lib/gcc/arm-none-eabi/7.2.1/../../../../arm-none-eabi/lib/thumb/v6-m/libc_nano.a(lib_a-strtod.o)
 .rodata.tinytens
                0x000000000000b4c8       0x28 /home/odyssey/.arduino15/packages/Seeeduino/tools/arm-none-eabi-gcc/7-2017q4/bin/../lib/gcc/arm-none-eabi/7.2.1/../../../../arm-none-eabi/lib/thumb/v6-m/libc_nano.a(lib_a-strtod.o)
 .rodata._dtoa_r.str1.1
                0x000000000000b4f0        0xd /home/odyssey/.arduino15/packages/Seeeduino/tools/arm-none-eabi-gcc/7-2017q4/bin/../lib/gcc/arm-none-eabi/7.2.1/../../../../arm-none-eabi/lib/thumb/v6-m/libc_nano.a(lib_a-dtoa.o)
                                          0xf (size before relaxing)
 *fill*         0x000000000000b4fd        0x3 
 .rodata.__sf_fake_stderr
                0x000000000000b500       0x20 /home/odyssey/.arduino15/packages/Seeeduino/tools/arm-none-eabi-gcc/7-2017q4/bin/../lib/gcc/arm-none-eabi/7.2.1/../../../../arm-none-eabi/lib/thumb/v6-m/libc_nano.a(lib_a-findfp.o)
                0x000000000000b500                __sf_fake_stderr
 .rodata.__sf_fake_stdin
                0x000000000000b520       0x20 /home/odyssey/.arduino15/packages/Seeeduino/tools/arm-none-eabi-gcc/7-2017q4/bin/../lib/gcc/arm-none-eabi/7.2.1/../../../../arm-none-eabi/lib/thumb/v6-m/libc_nano.a(lib_a-findfp.o)
                0x000000000000b520                __sf_fake_stdin
 .rodata.__sf_fake_stdout
                0x000000000000b540       0x20 /home/odyssey/.arduino15/packages/Seeeduino/tools/arm-none-eabi-gcc/7-2017q4/bin/../lib/gcc/arm-none-eabi/7.2.1/../../../../arm-none-eabi/lib/thumb/v6-m/libc_nano.a(lib_a-findfp.o)
                0x000000000000b540                __sf_fake_stdout
 .rodata._setlocale_r.str1.1
                0x000000000000b560        0x8 /home/odyssey/.arduino15/packages/Seeeduino/tools/arm-none-eabi-gcc/7-2017q4/bin/../lib/gcc/arm-none-eabi/7.2.1/../../../../arm-none-eabi/lib/thumb/v6-m/libc_nano.a(lib_a-locale.o)
                                          0x9 (size before relaxing)
 .rodata.str1.1
                0x000000000000b568        0x2 /home/odyssey/.arduino15/packages/Seeeduino/tools/arm-none-eabi-gcc/7-2017q4/bin/../lib/gcc/arm-none-eabi/7.2.1/../../../../arm-none-eabi/lib/thumb/v6-m/libc_nano.a(lib_a-locale.o)
 *fill*         0x000000000000b56a        0x6 
 .rodata.__mprec_bigtens
                0x000000000000b570       0x28 /home/odyssey/.arduino15/packages/Seeeduino/tools/arm-none-eabi-gcc/7-2017q4/bin/../lib/gcc/arm-none-eabi/7.2.1/../../../../arm-none-eabi/lib/thumb/v6-m/libc_nano.a(lib_a-mprec.o)
                0x000000000000b570                __mprec_bigtens
 .rodata.__mprec_tens
                0x000000000000b598       0xc8 /home/odyssey/.arduino15/packages/Seeeduino/tools/arm-none-eabi-gcc/7-2017q4/bin/../lib/gcc/arm-none-eabi/7.2.1/../../../../arm-none-eabi/lib/thumb/v6-m/libc_nano.a(lib_a-mprec.o)
                0x000000000000b598                __mprec_tens
 .rodata.p05.6084
                0x000000000000b660        0xc /home/odyssey/.arduino15/packages/Seeeduino/tools/arm-none-eabi-gcc/7-2017q4/bin/../lib/gcc/arm-none-eabi/7.2.1/../../../../arm-none-eabi/lib/thumb/v6-m/libc_nano.a(lib_a-mprec.o)
 .rodata._svfprintf_r.str1.1
                0x000000000000b66c       0x11 /home/odyssey/.arduino15/packages/Seeeduino/tools/arm-none-eabi-gcc/7-2017q4/bin/../lib/gcc/arm-none-eabi/7.2.1/../../../../arm-none-eabi/lib/thumb/v6-m/libc_nano.a(lib_a-nano-svfprintf.o)
 .rodata._ctype_
                0x000000000000b67d      0x101 /home/odyssey/.arduino15/packages/Seeeduino/tools/arm-none-eabi-gcc/7-2017q4/bin/../lib/gcc/arm-none-eabi/7.2.1/../../../../arm-none-eabi/lib/thumb/v6-m/libc_nano.a(lib_a-ctype_.o)
                0x000000000000b67d                _ctype_
 *(.eh_frame*)
 *fill*         0x000000000000b77e        0x2 
 .eh_frame      0x000000000000b780        0x0 /home/odyssey/.arduino15/packages/Seeeduino/tools/arm-none-eabi-gcc/7-2017q4/bin/../lib/gcc/arm-none-eabi/7.2.1/thumb/v6-m/crtbegin.o
 .eh_frame      0x000000000000b780        0x4 /home/odyssey/.arduino15/packages/Seeeduino/tools/arm-none-eabi-gcc/7-2017q4/bin/../lib/gcc/arm-none-eabi/7.2.1/thumb/v6-m/crtend.o

.glue_7         0x000000000000b784        0x0
 .glue_7        0x000000000000b784        0x0 linker stubs

.glue_7t        0x000000000000b784        0x0
 .glue_7t       0x000000000000b784        0x0 linker stubs

.vfp11_veneer   0x000000000000b784        0x0
 .vfp11_veneer  0x000000000000b784        0x0 linker stubs

.v4_bx          0x000000000000b784        0x0
 .v4_bx         0x000000000000b784        0x0 linker stubs

.iplt           0x000000000000b784        0x0
 .iplt          0x000000000000b784        0x0 /home/odyssey/.arduino15/packages/Seeeduino/tools/arm-none-eabi-gcc/7-2017q4/bin/../lib/gcc/arm-none-eabi/7.2.1/thumb/v6-m/crtbegin.o

.rel.dyn        0x000000000000b784        0x0
 .rel.iplt      0x000000000000b784        0x0 /home/odyssey/.arduino15/packages/Seeeduino/tools/arm-none-eabi-gcc/7-2017q4/bin/../lib/gcc/arm-none-eabi/7.2.1/thumb/v6-m/crtbegin.o

.ARM.extab
 *(.ARM.extab* .gnu.linkonce.armextab.*)
                0x000000000000b784                __exidx_start = .

.ARM.exidx
 *(.ARM.exidx* .gnu.linkonce.armexidx.*)
                0x000000000000b784                __exidx_end = .
                0x000000000000b784                __etext = .

.data           0x0000000020000000      0x26c load address 0x000000000000b784
                0x0000000020000000                __data_start__ = .
 *(vtable)
 *(.data*)
 .data.FanMax   0x0000000020000000        0x4 /tmp/arduino-sketch-554CDDC3088C5FDC87378995C7D19384/sketch/fan_controller_zero.ino.cpp.o
                0x0000000020000000                FanMax
 .data.SystemCoreClock
                0x0000000020000004        0x4 /tmp/arduino-sketch-554CDDC3088C5FDC87378995C7D19384/../arduino-core-cache/core_Seeeduino_samd_zero_6b3061db018e95c38d6b5470ac251519.a(wiring.c.o)
                0x0000000020000004                SystemCoreClock
 .data._ZL5ticks
                0x0000000020000008        0x4 /tmp/arduino-sketch-554CDDC3088C5FDC87378995C7D19384/../arduino-core-cache/core_Seeeduino_samd_zero_6b3061db018e95c38d6b5470ac251519.a(Reset.cpp.o)
 .data._ZL10breakValue
                0x000000002000000c        0x4 /tmp/arduino-sketch-554CDDC3088C5FDC87378995C7D19384/../arduino-core-cache/core_Seeeduino_samd_zero_6b3061db018e95c38d6b5470ac251519.a(CDC.cpp.o)
 .data._ZL12_usbLineInfo
                0x0000000020000010        0x8 /tmp/arduino-sketch-554CDDC3088C5FDC87378995C7D19384/../arduino-core-cache/core_Seeeduino_samd_zero_6b3061db018e95c38d6b5470ac251519.a(CDC.cpp.o)
 .data._ZL13_cdcInterface
                0x0000000020000018       0x42 /tmp/arduino-sketch-554CDDC3088C5FDC87378995C7D19384/../arduino-core-cache/core_Seeeduino_samd_zero_6b3061db018e95c38d6b5470ac251519.a(CDC.cpp.o)
 *fill*         0x000000002000005a        0x2 
 .data._serialPeek
                0x000000002000005c        0x4 /tmp/arduino-sketch-554CDDC3088C5FDC87378995C7D19384/../arduino-core-cache/core_Seeeduino_samd_zero_6b3061db018e95c38d6b5470ac251519.a(CDC.cpp.o)
                0x000000002000005c                _serialPeek
 .data.EndPoints
                0x0000000020000060       0x28 /tmp/arduino-sketch-554CDDC3088C5FDC87378995C7D19384/../arduino-core-cache/core_Seeeduino_samd_zero_6b3061db018e95c38d6b5470ac251519.a(USBCore.cpp.o)
                0x0000000020000060                EndPoints
 .data._impure_ptr
                0x0000000020000088        0x4 /home/odyssey/.arduino15/packages/Seeeduino/tools/arm-none-eabi-gcc/7-2017q4/bin/../lib/gcc/arm-none-eabi/7.2.1/../../../../arm-none-eabi/lib/thumb/v6-m/libc_nano.a(lib_a-impure.o)
                0x0000000020000088                _impure_ptr
 .data.impure_data
                0x000000002000008c       0x60 /home/odyssey/.arduino15/packages/Seeeduino/tools/arm-none-eabi-gcc/7-2017q4/bin/../lib/gcc/arm-none-eabi/7.2.1/../../../../arm-none-eabi/lib/thumb/v6-m/libc_nano.a(lib_a-impure.o)
 .data.__global_locale
                0x00000000200000ec      0x16c /home/odyssey/.arduino15/packages/Seeeduino/tools/arm-none-eabi-gcc/7-2017q4/bin/../lib/gcc/arm-none-eabi/7.2.1/../../../../arm-none-eabi/lib/thumb/v6-m/libc_nano.a(lib_a-locale.o)
                0x00000000200000ec                __global_locale
                0x0000000020000258                . = ALIGN (0x4)
                0x0000000020000258                PROVIDE (__preinit_array_start, .)
 *(.preinit_array)
                0x0000000020000258                PROVIDE (__preinit_array_end, .)
                0x0000000020000258                . = ALIGN (0x4)
                0x0000000020000258                PROVIDE (__init_array_start, .)
 *(SORT_BY_NAME(.init_array.*))
 *(.init_array)
 .init_array    0x0000000020000258        0x4 /home/odyssey/.arduino15/packages/Seeeduino/tools/arm-none-eabi-gcc/7-2017q4/bin/../lib/gcc/arm-none-eabi/7.2.1/thumb/v6-m/crtbegin.o
 .init_array    0x000000002000025c        0x4 /tmp/arduino-sketch-554CDDC3088C5FDC87378995C7D19384/core/variant.cpp.o
 .init_array    0x0000000020000260        0x4 /tmp/arduino-sketch-554CDDC3088C5FDC87378995C7D19384/../arduino-core-cache/core_Seeeduino_samd_zero_6b3061db018e95c38d6b5470ac251519.a(CDC.cpp.o)
 .init_array    0x0000000020000264        0x4 /tmp/arduino-sketch-554CDDC3088C5FDC87378995C7D19384/../arduino-core-cache/core_Seeeduino_samd_zero_6b3061db018e95c38d6b5470ac251519.a(USBCore.cpp.o)
                0x0000000020000268                PROVIDE (__init_array_end, .)
                0x0000000020000268                . = ALIGN (0x4)
                [!provide]                        PROVIDE (__fini_array_start, .)
 *(SORT_BY_NAME(.fini_array.*))
 *(.fini_array)
 .fini_array    0x0000000020000268        0x4 /home/odyssey/.arduino15/packages/Seeeduino/tools/arm-none-eabi-gcc/7-2017q4/bin/../lib/gcc/arm-none-eabi/7.2.1/thumb/v6-m/crtbegin.o
                [!provide]                        PROVIDE (__fini_array_end, .)
 *(.jcr*)
                0x000000002000026c                . = ALIGN (0x4)
                0x000000002000026c                __data_end__ = .

.igot.plt       0x000000002000026c        0x0 load address 0x000000000000b9f0
 .igot.plt      0x000000002000026c        0x0 /home/odyssey/.arduino15/packages/Seeeduino/tools/arm-none-eabi-gcc/7-2017q4/bin/../lib/gcc/arm-none-eabi/7.2.1/thumb/v6-m/crtbegin.o

.bss            0x000000002000026c      0xdf0 load address 0x000000000000b9f0
                0x000000002000026c                . = ALIGN (0x4)
                0x000000002000026c                __bss_start__ = .
 *(.bss*)
 .bss           0x000000002000026c       0x1c /home/odyssey/.arduino15/packages/Seeeduino/tools/arm-none-eabi-gcc/7-2017q4/bin/../lib/gcc/arm-none-eabi/7.2.1/thumb/v6-m/crtbegin.o
 .bss.CurrentSpeed
                0x0000000020000288        0x4 /tmp/arduino-sketch-554CDDC3088C5FDC87378995C7D19384/sketch/fan_controller_zero.ino.cpp.o
                0x0000000020000288                CurrentSpeed
 .bss.connected
                0x000000002000028c        0x1 /tmp/arduino-sketch-554CDDC3088C5FDC87378995C7D19384/sketch/fan_controller_zero.ino.cpp.o
                0x000000002000028c                connected
 *fill*         0x000000002000028d        0x3 
 .bss.failed_commands
                0x0000000020000290        0x4 /tmp/arduino-sketch-554CDDC3088C5FDC87378995C7D19384/sketch/fan_controller_zero.ino.cpp.o
                0x0000000020000290                failed_commands
 .bss.readData  0x0000000020000294      0x100 /tmp/arduino-sketch-554CDDC3088C5FDC87378995C7D19384/sketch/fan_controller_zero.ino.cpp.o
                0x0000000020000294                readData
 .bss.Serial1   0x0000000020000394      0x23c /tmp/arduino-sketch-554CDDC3088C5FDC87378995C7D19384/core/variant.cpp.o
                0x0000000020000394                Serial1
 .bss.Serial2   0x00000000200005d0      0x23c /tmp/arduino-sketch-554CDDC3088C5FDC87378995C7D19384/core/variant.cpp.o
                0x00000000200005d0                Serial2
 .bss.SerialDBG
                0x000000002000080c      0x23c /tmp/arduino-sketch-554CDDC3088C5FDC87378995C7D19384/core/variant.cpp.o
                0x000000002000080c                SerialDBG
 .bss.sercom0   0x0000000020000a48        0x4 /tmp/arduino-sketch-554CDDC3088C5FDC87378995C7D19384/core/variant.cpp.o
                0x0000000020000a48                sercom0
 .bss.sercom1   0x0000000020000a4c        0x4 /tmp/arduino-sketch-554CDDC3088C5FDC87378995C7D19384/core/variant.cpp.o
                0x0000000020000a4c                sercom1
 .bss.sercom2   0x0000000020000a50        0x4 /tmp/arduino-sketch-554CDDC3088C5FDC87378995C7D19384/core/variant.cpp.o
                0x0000000020000a50                sercom2
 .bss.sercom3   0x0000000020000a54        0x4 /tmp/arduino-sketch-554CDDC3088C5FDC87378995C7D19384/core/variant.cpp.o
                0x0000000020000a54                sercom3
 .bss.sercom4   0x0000000020000a58        0x4 /tmp/arduino-sketch-554CDDC3088C5FDC87378995C7D19384/core/variant.cpp.o
                0x0000000020000a58                sercom4
 .bss.sercom5   0x0000000020000a5c        0x4 /tmp/arduino-sketch-554CDDC3088C5FDC87378995C7D19384/core/variant.cpp.o
                0x0000000020000a5c                sercom5